[0.177s] DEBUG:colcon:Command line arguments: ['/usr/bin/colcon', 'build', '--packages-select', 'precision_landing']
[0.177s] DEBUG:colcon:Parsed command line arguments: Namespace(log_base=None, log_level=None, verb_name='build', build_base='build', install_base='install', merge_install=False, symlink_install=False, test_result_base=None, continue_on_error=False, executor='parallel', parallel_workers=6, event_handlers=None, ignore_user_meta=False, metas=['./colcon.meta'], base_paths=['.'], packages_ignore=None, packages_ignore_regex=None, paths=None, packages_up_to=None, packages_up_to_regex=None, packages_above=None, packages_above_and_dependencies=None, packages_above_depth=None, packages_select_by_dep=None, packages_skip_by_dep=None, packages_skip_up_to=None, packages_select_build_failed=False, packages_skip_build_finished=False, packages_select_test_failures=False, packages_skip_test_passed=False, packages_select=['precision_landing'], packages_skip=None, packages_select_regex=None, packages_skip_regex=None, packages_start=None, packages_end=None, allow_overriding=[], cmake_args=None, cmake_target=None, cmake_target_skip_unavailable=False, cmake_clean_cache=False, cmake_clean_first=False, cmake_force_configure=False, ament_cmake_args=None, catkin_cmake_args=None, catkin_skip_building_tests=False, verb_parser=<colcon_defaults.argument_parser.defaults.DefaultArgumentsDecorator object at 0x74f16ed68f40>, verb_extension=<colcon_core.verb.build.BuildVerb object at 0x74f16ee6a620>, main=<bound method BuildVerb.main of <colcon_core.verb.build.BuildVerb object at 0x74f16ee6a620>>)
[1.519s] Level 1:colcon.colcon_core.package_discovery:discover_packages(colcon_meta) check parameters
[1.520s] Level 1:colcon.colcon_core.package_discovery:discover_packages(recursive) check parameters
[1.520s] Level 1:colcon.colcon_core.package_discovery:discover_packages(ignore) check parameters
[1.520s] Level 1:colcon.colcon_core.package_discovery:discover_packages(path) check parameters
[1.520s] Level 1:colcon.colcon_core.package_discovery:discover_packages(colcon_meta) discover
[1.521s] Level 1:colcon.colcon_core.package_discovery:discover_packages(recursive) discover
[1.521s] INFO:colcon.colcon_core.package_discovery:Crawling recursively for packages in '/home/huyen/drone_project/ros2_ws'
[1.521s] Level 1:colcon.colcon_core.package_identification:_identify(.) by extensions ['ignore', 'ignore_ament_install']
[1.522s] Level 1:colcon.colcon_core.package_identification:_identify(.) by extension 'ignore'
[1.523s] Level 1:colcon.colcon_core.package_identification:_identify(.) by extension 'ignore_ament_install'
[1.523s] Level 1:colcon.colcon_core.package_identification:_identify(.) by extensions ['colcon_pkg']
[1.523s] Level 1:colcon.colcon_core.package_identification:_identify(.) by extension 'colcon_pkg'
[1.524s] Level 1:colcon.colcon_core.package_identification:_identify(.) by extensions ['colcon_meta']
[1.524s] Level 1:colcon.colcon_core.package_identification:_identify(.) by extension 'colcon_meta'
[1.524s] Level 1:colcon.colcon_core.package_identification:_identify(.) by extensions ['ros']
[1.525s] Level 1:colcon.colcon_core.package_identification:_identify(.) by extension 'ros'
[1.583s] Level 1:colcon.colcon_core.package_identification:_identify(.) by extensions ['cmake', 'python']
[1.583s] Level 1:colcon.colcon_core.package_identification:_identify(.) by extension 'cmake'
[1.584s] Level 1:colcon.colcon_core.package_identification:_identify(.) by extension 'python'
[1.584s] Level 1:colcon.colcon_core.package_identification:_identify(.) by extensions ['python_setup_py']
[1.584s] Level 1:colcon.colcon_core.package_identification:_identify(.) by extension 'python_setup_py'
[1.585s] Level 1:colcon.colcon_core.package_identification:_identify(build) by extensions ['ignore', 'ignore_ament_install']
[1.585s] Level 1:colcon.colcon_core.package_identification:_identify(build) by extension 'ignore'
[1.586s] Level 1:colcon.colcon_core.package_identification:_identify(build) ignored
[1.586s] Level 1:colcon.colcon_core.package_identification:_identify(install) by extensions ['ignore', 'ignore_ament_install']
[1.587s] Level 1:colcon.colcon_core.package_identification:_identify(install) by extension 'ignore'
[1.587s] Level 1:colcon.colcon_core.package_identification:_identify(install) ignored
[1.588s] Level 1:colcon.colcon_core.package_identification:_identify(log) by extensions ['ignore', 'ignore_ament_install']
[1.588s] Level 1:colcon.colcon_core.package_identification:_identify(log) by extension 'ignore'
[1.589s] Level 1:colcon.colcon_core.package_identification:_identify(log) ignored
[1.589s] Level 1:colcon.colcon_core.package_identification:_identify(logs) by extensions ['ignore', 'ignore_ament_install']
[1.590s] Level 1:colcon.colcon_core.package_identification:_identify(logs) by extension 'ignore'
[1.591s] Level 1:colcon.colcon_core.package_identification:_identify(logs) by extension 'ignore_ament_install'
[1.592s] Level 1:colcon.colcon_core.package_identification:_identify(logs) by extensions ['colcon_pkg']
[1.592s] Level 1:colcon.colcon_core.package_identification:_identify(logs) by extension 'colcon_pkg'
[1.592s] Level 1:colcon.colcon_core.package_identification:_identify(logs) by extensions ['colcon_meta']
[1.592s] Level 1:colcon.colcon_core.package_identification:_identify(logs) by extension 'colcon_meta'
[1.592s] Level 1:colcon.colcon_core.package_identification:_identify(logs) by extensions ['ros']
[1.593s] Level 1:colcon.colcon_core.package_identification:_identify(logs) by extension 'ros'
[1.593s] Level 1:colcon.colcon_core.package_identification:_identify(logs) by extensions ['cmake', 'python']
[1.593s] Level 1:colcon.colcon_core.package_identification:_identify(logs) by extension 'cmake'
[1.594s] Level 1:colcon.colcon_core.package_identification:_identify(logs) by extension 'python'
[1.594s] Level 1:colcon.colcon_core.package_identification:_identify(logs) by extensions ['python_setup_py']
[1.594s] Level 1:colcon.colcon_core.package_identification:_identify(logs) by extension 'python_setup_py'
[1.594s] Level 1:colcon.colcon_core.package_identification:_identify(src) by extensions ['ignore', 'ignore_ament_install']
[1.595s] Level 1:colcon.colcon_core.package_identification:_identify(src) by extension 'ignore'
[1.595s] Level 1:colcon.colcon_core.package_identification:_identify(src) by extension 'ignore_ament_install'
[1.596s] Level 1:colcon.colcon_core.package_identification:_identify(src) by extensions ['colcon_pkg']
[1.596s] Level 1:colcon.colcon_core.package_identification:_identify(src) by extension 'colcon_pkg'
[1.597s] Level 1:colcon.colcon_core.package_identification:_identify(src) by extensions ['colcon_meta']
[1.597s] Level 1:colcon.colcon_core.package_identification:_identify(src) by extension 'colcon_meta'
[1.598s] Level 1:colcon.colcon_core.package_identification:_identify(src) by extensions ['ros']
[1.598s] Level 1:colcon.colcon_core.package_identification:_identify(src) by extension 'ros'
[1.599s] Level 1:colcon.colcon_core.package_identification:_identify(src) by extensions ['cmake', 'python']
[1.599s] Level 1:colcon.colcon_core.package_identification:_identify(src) by extension 'cmake'
[1.599s] Level 1:colcon.colcon_core.package_identification:_identify(src) by extension 'python'
[1.600s] Level 1:colcon.colcon_core.package_identification:_identify(src) by extensions ['python_setup_py']
[1.600s] Level 1:colcon.colcon_core.package_identification:_identify(src) by extension 'python_setup_py'
[1.600s] Level 1:colcon.colcon_core.package_identification:_identify(src/precision_landing) by extensions ['ignore', 'ignore_ament_install']
[1.601s] Level 1:colcon.colcon_core.package_identification:_identify(src/precision_landing) by extension 'ignore'
[1.602s] Level 1:colcon.colcon_core.package_identification:_identify(src/precision_landing) by extension 'ignore_ament_install'
[1.602s] Level 1:colcon.colcon_core.package_identification:_identify(src/precision_landing) by extensions ['colcon_pkg']
[1.603s] Level 1:colcon.colcon_core.package_identification:_identify(src/precision_landing) by extension 'colcon_pkg'
[1.603s] Level 1:colcon.colcon_core.package_identification:_identify(src/precision_landing) by extensions ['colcon_meta']
[1.603s] Level 1:colcon.colcon_core.package_identification:_identify(src/precision_landing) by extension 'colcon_meta'
[1.604s] Level 1:colcon.colcon_core.package_identification:_identify(src/precision_landing) by extensions ['ros']
[1.604s] Level 1:colcon.colcon_core.package_identification:_identify(src/precision_landing) by extension 'ros'
[1.620s] DEBUG:colcon.colcon_core.package_identification:Package 'src/precision_landing' with type 'ros.ament_python' and name 'precision_landing'
[1.621s] Level 1:colcon.colcon_core.package_identification:_identify(src/uav_cloud_bridge) by extensions ['ignore', 'ignore_ament_install']
[1.621s] Level 1:colcon.colcon_core.package_identification:_identify(src/uav_cloud_bridge) by extension 'ignore'
[1.622s] Level 1:colcon.colcon_core.package_identification:_identify(src/uav_cloud_bridge) by extension 'ignore_ament_install'
[1.623s] Level 1:colcon.colcon_core.package_identification:_identify(src/uav_cloud_bridge) by extensions ['colcon_pkg']
[1.623s] Level 1:colcon.colcon_core.package_identification:_identify(src/uav_cloud_bridge) by extension 'colcon_pkg'
[1.623s] Level 1:colcon.colcon_core.package_identification:_identify(src/uav_cloud_bridge) by extensions ['colcon_meta']
[1.623s] Level 1:colcon.colcon_core.package_identification:_identify(src/uav_cloud_bridge) by extension 'colcon_meta'
[1.624s] Level 1:colcon.colcon_core.package_identification:_identify(src/uav_cloud_bridge) by extensions ['ros']
[1.624s] Level 1:colcon.colcon_core.package_identification:_identify(src/uav_cloud_bridge) by extension 'ros'
[1.631s] DEBUG:colcon.colcon_core.package_identification:Package 'src/uav_cloud_bridge' with type 'ros.ament_python' and name 'uav_cloud_bridge'
[1.631s] Level 1:colcon.colcon_core.package_identification:_identify(src/vio_slam_bridge) by extensions ['ignore', 'ignore_ament_install']
[1.632s] Level 1:colcon.colcon_core.package_identification:_identify(src/vio_slam_bridge) by extension 'ignore'
[1.632s] Level 1:colcon.colcon_core.package_identification:_identify(src/vio_slam_bridge) by extension 'ignore_ament_install'
[1.632s] Level 1:colcon.colcon_core.package_identification:_identify(src/vio_slam_bridge) by extensions ['colcon_pkg']
[1.632s] Level 1:colcon.colcon_core.package_identification:_identify(src/vio_slam_bridge) by extension 'colcon_pkg'
[1.632s] Level 1:colcon.colcon_core.package_identification:_identify(src/vio_slam_bridge) by extensions ['colcon_meta']
[1.632s] Level 1:colcon.colcon_core.package_identification:_identify(src/vio_slam_bridge) by extension 'colcon_meta'
[1.633s] Level 1:colcon.colcon_core.package_identification:_identify(src/vio_slam_bridge) by extensions ['ros']
[1.633s] Level 1:colcon.colcon_core.package_identification:_identify(src/vio_slam_bridge) by extension 'ros'
[1.637s] DEBUG:colcon.colcon_core.package_identification:Package 'src/vio_slam_bridge' with type 'ros.ament_cmake' and name 'vio_slam_bridge'
[1.638s] Level 1:colcon.colcon_core.package_discovery:discover_packages(recursive) using defaults
[1.638s] Level 1:colcon.colcon_core.package_discovery:discover_packages(ignore) discover
[1.638s] Level 1:colcon.colcon_core.package_discovery:discover_packages(ignore) using defaults
[1.638s] Level 1:colcon.colcon_core.package_discovery:discover_packages(path) discover
[1.638s] Level 1:colcon.colcon_core.package_discovery:discover_packages(path) using defaults
[1.795s] INFO:colcon.colcon_core.package_selection:Skipping not selected package 'uav_cloud_bridge' in 'src/uav_cloud_bridge'
[1.795s] INFO:colcon.colcon_core.package_selection:Skipping not selected package 'vio_slam_bridge' in 'src/vio_slam_bridge'
[1.797s] Level 1:colcon.colcon_core.package_discovery:discover_packages(prefix_path) check parameters
[1.797s] Level 1:colcon.colcon_core.package_discovery:discover_packages(prefix_path) discover
[1.809s] DEBUG:colcon.colcon_installed_package_information.package_discovery:Found 3 installed packages in /home/huyen/drone_project/ros2_ws/install
[1.816s] DEBUG:colcon.colcon_installed_package_information.package_discovery:Found 280 installed packages in /opt/ros/humble
[1.829s] Level 1:colcon.colcon_core.package_discovery:discover_packages(prefix_path) using defaults
[2.061s] Level 5:colcon.colcon_core.verb:set package 'precision_landing' build argument 'cmake_args' from command line to 'None'
[2.062s] Level 5:colcon.colcon_core.verb:set package 'precision_landing' build argument 'cmake_target' from command line to 'None'
[2.062s] Level 5:colcon.colcon_core.verb:set package 'precision_landing' build argument 'cmake_target_skip_unavailable' from command line to 'False'
[2.062s] Level 5:colcon.colcon_core.verb:set package 'precision_landing' build argument 'cmake_clean_cache' from command line to 'False'
[2.062s] Level 5:colcon.colcon_core.verb:set package 'precision_landing' build argument 'cmake_clean_first' from command line to 'False'
[2.062s] Level 5:colcon.colcon_core.verb:set package 'precision_landing' build argument 'cmake_force_configure' from command line to 'False'
[2.063s] Level 5:colcon.colcon_core.verb:set package 'precision_landing' build argument 'ament_cmake_args' from command line to 'None'
[2.063s] Level 5:colcon.colcon_core.verb:set package 'precision_landing' build argument 'catkin_cmake_args' from command line to 'None'
[2.063s] Level 5:colcon.colcon_core.verb:set package 'precision_landing' build argument 'catkin_skip_building_tests' from command line to 'False'
[2.063s] DEBUG:colcon.colcon_core.verb:Building package 'precision_landing' with the following arguments: {'ament_cmake_args': None, 'build_base': '/home/huyen/drone_project/ros2_ws/build/precision_landing', 'catkin_cmake_args': None, 'catkin_skip_building_tests': False, 'cmake_args': None, 'cmake_clean_cache': False, 'cmake_clean_first': False, 'cmake_force_configure': False, 'cmake_target': None, 'cmake_target_skip_unavailable': False, 'install_base': '/home/huyen/drone_project/ros2_ws/install/precision_landing', 'merge_install': False, 'path': '/home/huyen/drone_project/ros2_ws/src/precision_landing', 'symlink_install': False, 'test_result_base': None}
[2.064s] INFO:colcon.colcon_core.executor:Executing jobs using 'parallel' executor
[2.071s] DEBUG:colcon.colcon_parallel_executor.executor.parallel:run_until_complete
[2.073s] INFO:colcon.colcon_ros.task.ament_python.build:Building ROS package in '/home/huyen/drone_project/ros2_ws/src/precision_landing' with build type 'ament_python'
[2.074s] Level 1:colcon.colcon_core.shell:create_environment_hook('precision_landing', 'ament_prefix_path')
[2.089s] INFO:colcon.colcon_core.plugin_system:Skipping extension 'colcon_core.shell.bat': Not used on non-Windows systems
[2.090s] INFO:colcon.colcon_core.shell:Creating environment hook '/home/huyen/drone_project/ros2_ws/install/precision_landing/share/precision_landing/hook/ament_prefix_path.ps1'
[2.094s] INFO:colcon.colcon_core.shell:Creating environment descriptor '/home/huyen/drone_project/ros2_ws/install/precision_landing/share/precision_landing/hook/ament_prefix_path.dsv'
[2.098s] INFO:colcon.colcon_core.shell:Creating environment hook '/home/huyen/drone_project/ros2_ws/install/precision_landing/share/precision_landing/hook/ament_prefix_path.sh'
[2.107s] INFO:colcon.colcon_core.shell:Skip shell extension 'powershell' for command environment: Not usable outside of PowerShell
[2.107s] DEBUG:colcon.colcon_core.shell:Skip shell extension 'dsv' for command environment
[3.836s] INFO:colcon.colcon_core.task.python.build:Building Python package in '/home/huyen/drone_project/ros2_ws/src/precision_landing'
[3.837s] INFO:colcon.colcon_core.shell:Skip shell extension 'powershell' for command environment: Not usable outside of PowerShell
[3.837s] DEBUG:colcon.colcon_core.shell:Skip shell extension 'dsv' for command environment
[6.188s] DEBUG:colcon.colcon_core.task.python.build:Available setuptools commands: compile_catalog, alias, upload_docs, egg_info, build_scripts, develop, install_headers, bdist_egg, check, rotate, symlink_data, install_egg_info, easy_install, bdist_wheel, bdist, setopt, install_data, update_catalog, sdist, test, init_catalog, build_clib, bdist_dumb, install_lib, register, clean, build, bdist_rpm, install_scripts, build_ext, build_py, upload, saveopts, install, extract_messages, dist_info
[6.198s] DEBUG:colcon.colcon_core.event_handler.log_command:Invoking command in '/home/huyen/drone_project/ros2_ws/src/precision_landing': PYTHONPATH=/home/huyen/drone_project/ros2_ws/build/precision_landing/prefix_override:/usr/lib/python3/dist-packages/colcon_core/task/python/colcon_distutils_commands:/home/huyen/drone_project/ros2_ws/install/precision_landing/lib/python3.10/site-packages:${PYTHONPATH} /usr/bin/python3 -W ignore:setup.py install is deprecated -W ignore:easy_install command is deprecated setup.py egg_info --egg-base ../../build/precision_landing build --build-base /home/huyen/drone_project/ros2_ws/build/precision_landing/build install --record /home/huyen/drone_project/ros2_ws/build/precision_landing/install.log --install-scripts $base/lib/precision_landing --single-version-externally-managed install_data
[7.401s] DEBUG:colcon.colcon_core.event_handler.log_command:Invoked command in '/home/huyen/drone_project/ros2_ws/src/precision_landing' returned '0': PYTHONPATH=/home/huyen/drone_project/ros2_ws/build/precision_landing/prefix_override:/usr/lib/python3/dist-packages/colcon_core/task/python/colcon_distutils_commands:/home/huyen/drone_project/ros2_ws/install/precision_landing/lib/python3.10/site-packages:${PYTHONPATH} /usr/bin/python3 -W ignore:setup.py install is deprecated -W ignore:easy_install command is deprecated setup.py egg_info --egg-base ../../build/precision_landing build --build-base /home/huyen/drone_project/ros2_ws/build/precision_landing/build install --record /home/huyen/drone_project/ros2_ws/build/precision_landing/install.log --install-scripts $base/lib/precision_landing --single-version-externally-managed install_data
[7.407s] Level 1:colcon.colcon_core.environment:checking '/home/huyen/drone_project/ros2_ws/install/precision_landing' for CMake module files
[7.410s] Level 1:colcon.colcon_core.environment:checking '/home/huyen/drone_project/ros2_ws/install/precision_landing' for CMake config files
[7.413s] Level 1:colcon.colcon_core.environment:checking '/home/huyen/drone_project/ros2_ws/install/precision_landing/lib'
[7.413s] Level 1:colcon.colcon_core.environment:checking '/home/huyen/drone_project/ros2_ws/install/precision_landing/bin'
[7.413s] Level 1:colcon.colcon_core.environment:checking '/home/huyen/drone_project/ros2_ws/install/precision_landing/lib/pkgconfig/precision_landing.pc'
[7.414s] Level 1:colcon.colcon_core.environment:checking '/home/huyen/drone_project/ros2_ws/install/precision_landing/lib/python3.10/site-packages'
[7.414s] Level 1:colcon.colcon_core.shell:create_environment_hook('precision_landing', 'pythonpath')
[7.415s] INFO:colcon.colcon_core.shell:Creating environment hook '/home/huyen/drone_project/ros2_ws/install/precision_landing/share/precision_landing/hook/pythonpath.ps1'
[7.416s] INFO:colcon.colcon_core.shell:Creating environment descriptor '/home/huyen/drone_project/ros2_ws/install/precision_landing/share/precision_landing/hook/pythonpath.dsv'
[7.418s] INFO:colcon.colcon_core.shell:Creating environment hook '/home/huyen/drone_project/ros2_ws/install/precision_landing/share/precision_landing/hook/pythonpath.sh'
[7.421s] Level 1:colcon.colcon_core.environment:checking '/home/huyen/drone_project/ros2_ws/install/precision_landing/bin'
[7.421s] Level 1:colcon.colcon_core.environment:create_environment_scripts_only(precision_landing)
[7.422s] INFO:colcon.colcon_core.shell:Creating package script '/home/huyen/drone_project/ros2_ws/install/precision_landing/share/precision_landing/package.ps1'
[7.426s] INFO:colcon.colcon_core.shell:Creating package descriptor '/home/huyen/drone_project/ros2_ws/install/precision_landing/share/precision_landing/package.dsv'
[7.429s] INFO:colcon.colcon_core.shell:Creating package script '/home/huyen/drone_project/ros2_ws/install/precision_landing/share/precision_landing/package.sh'
[7.430s] INFO:colcon.colcon_core.shell:Creating package script '/home/huyen/drone_project/ros2_ws/install/precision_landing/share/precision_landing/package.bash'
[7.433s] INFO:colcon.colcon_core.shell:Creating package script '/home/huyen/drone_project/ros2_ws/install/precision_landing/share/precision_landing/package.zsh'
[7.436s] Level 1:colcon.colcon_core.environment:create_file_with_runtime_dependencies(/home/huyen/drone_project/ros2_ws/install/precision_landing/share/colcon-core/packages/precision_landing)
[7.437s] DEBUG:colcon.colcon_parallel_executor.executor.parallel:closing loop
[7.438s] DEBUG:colcon.colcon_parallel_executor.executor.parallel:loop closed
[7.438s] DEBUG:colcon.colcon_parallel_executor.executor.parallel:run_until_complete finished with '0'
[7.439s] DEBUG:colcon.colcon_core.event_reactor:joining thread
[7.585s] INFO:colcon.colcon_core.plugin_system:Skipping extension 'colcon_notification.desktop_notification.notify_send': Could not find 'notify-send'
[7.585s] INFO:colcon.colcon_core.plugin_system:Skipping extension 'colcon_notification.desktop_notification.terminal_notifier': Not used on non-Darwin systems
[7.586s] INFO:colcon.colcon_core.plugin_system:Skipping extension 'colcon_notification.desktop_notification.win32': Not used on non-Windows systems
[7.586s] INFO:colcon.colcon_notification.desktop_notification:Sending desktop notification using 'notify2'
[7.586s] DEBUG:colcon.colcon_notification.desktop_notification.notify2:Failed to initialize notify2: org.freedesktop.DBus.Error.FileNotFound: Failed to connect to socket /run/user/1000/bus: No such file or directory
[7.587s] DEBUG:colcon.colcon_core.event_reactor:joined thread
[7.587s] INFO:colcon.colcon_core.shell:Creating prefix script '/home/huyen/drone_project/ros2_ws/install/local_setup.ps1'
[7.591s] INFO:colcon.colcon_core.shell:Creating prefix util module '/home/huyen/drone_project/ros2_ws/install/_local_setup_util_ps1.py'
[7.596s] INFO:colcon.colcon_core.shell:Creating prefix chain script '/home/huyen/drone_project/ros2_ws/install/setup.ps1'
[7.600s] INFO:colcon.colcon_core.shell:Creating prefix script '/home/huyen/drone_project/ros2_ws/install/local_setup.sh'
[7.601s] INFO:colcon.colcon_core.shell:Creating prefix util module '/home/huyen/drone_project/ros2_ws/install/_local_setup_util_sh.py'
[7.603s] INFO:colcon.colcon_core.shell:Creating prefix chain script '/home/huyen/drone_project/ros2_ws/install/setup.sh'
[7.606s] INFO:colcon.colcon_core.shell:Creating prefix script '/home/huyen/drone_project/ros2_ws/install/local_setup.bash'
[7.608s] INFO:colcon.colcon_core.shell:Creating prefix chain script '/home/huyen/drone_project/ros2_ws/install/setup.bash'
[7.612s] INFO:colcon.colcon_core.shell:Creating prefix script '/home/huyen/drone_project/ros2_ws/install/local_setup.zsh'
[7.613s] INFO:colcon.colcon_core.shell:Creating prefix chain script '/home/huyen/drone_project/ros2_ws/install/setup.zsh'
