-- Found ament_cmake: 1.3.14 (/opt/ros/humble/share/ament_cmake/cmake)
-- Found rclcpp: 16.0.19 (/opt/ros/humble/share/rclcpp/cmake)
-- Found rosidl_generator_c: 3.1.8 (/opt/ros/humble/share/rosidl_generator_c/cmake)
-- Found rosidl_adapter: 3.1.8 (/opt/ros/humble/share/rosidl_adapter/cmake)
-- Found rosidl_generator_cpp: 3.1.8 (/opt/ros/humble/share/rosidl_generator_cpp/cmake)
-- Using all available rosidl_typesupport_c: rosidl_typesupport_fastrtps_c;rosidl_typesupport_introspection_c
-- Using all available rosidl_typesupport_cpp: rosidl_typesupport_fastrtps_cpp;rosidl_typesupport_introspection_cpp
-- Found rmw_implementation_cmake: 6.1.2 (/opt/ros/humble/share/rmw_implementation_cmake/cmake)
-- Found rmw_fastrtps_cpp: 6.2.10 (/opt/ros/humble/share/rmw_fastrtps_cpp/cmake)
-- Using RMW implementation 'rmw_fastrtps_cpp' as default
-- Found geometry_msgs: 4.9.1 (/opt/ros/humble/share/geometry_msgs/cmake)
-- Found sensor_msgs: 4.9.1 (/opt/ros/humble/share/sensor_msgs/cmake)
-- Found OpenGL: /usr/lib/x86_64-linux-gnu/libOpenGL.so  found components: OpenGL 
-- Configuring done
-- Generating done
-- Build files have been written to: /home/huyen/drone_project/ros2_ws/build/vio_slam_bridge
[35m[1mConsolidate compiler generated dependencies of target vio_node[0m
[ 50%] [32mBuilding CXX object CMakeFiles/vio_node.dir/src/vio_node.cpp.o[0m
[100%] [32m[1mLinking CXX executable vio_node[0m
[100%] Built target vio_node
-- Install configuration: ""
-- Installing: /home/huyen/drone_project/ros2_ws/install/vio_slam_bridge/lib/vio_slam_bridge/vio_node
-- Set runtime path of "/home/huyen/drone_project/ros2_ws/install/vio_slam_bridge/lib/vio_slam_bridge/vio_node" to ""
-- Installing: /home/huyen/drone_project/ros2_ws/install/vio_slam_bridge/share/ament_index/resource_index/package_run_dependencies/vio_slam_bridge
-- Installing: /home/huyen/drone_project/ros2_ws/install/vio_slam_bridge/share/ament_index/resource_index/parent_prefix_path/vio_slam_bridge
-- Installing: /home/huyen/drone_project/ros2_ws/install/vio_slam_bridge/share/vio_slam_bridge/environment/ament_prefix_path.sh
-- Installing: /home/huyen/drone_project/ros2_ws/install/vio_slam_bridge/share/vio_slam_bridge/environment/ament_prefix_path.dsv
-- Installing: /home/huyen/drone_project/ros2_ws/install/vio_slam_bridge/share/vio_slam_bridge/environment/path.sh
-- Installing: /home/huyen/drone_project/ros2_ws/install/vio_slam_bridge/share/vio_slam_bridge/environment/path.dsv
-- Installing: /home/huyen/drone_project/ros2_ws/install/vio_slam_bridge/share/vio_slam_bridge/local_setup.bash
-- Installing: /home/huyen/drone_project/ros2_ws/install/vio_slam_bridge/share/vio_slam_bridge/local_setup.sh
-- Installing: /home/huyen/drone_project/ros2_ws/install/vio_slam_bridge/share/vio_slam_bridge/local_setup.zsh
-- Installing: /home/huyen/drone_project/ros2_ws/install/vio_slam_bridge/share/vio_slam_bridge/local_setup.dsv
-- Installing: /home/huyen/drone_project/ros2_ws/install/vio_slam_bridge/share/vio_slam_bridge/package.dsv
-- Installing: /home/huyen/drone_project/ros2_ws/install/vio_slam_bridge/share/ament_index/resource_index/packages/vio_slam_bridge
-- Installing: /home/huyen/drone_project/ros2_ws/install/vio_slam_bridge/share/vio_slam_bridge/cmake/vio_slam_bridgeConfig.cmake
-- Installing: /home/huyen/drone_project/ros2_ws/install/vio_slam_bridge/share/vio_slam_bridge/cmake/vio_slam_bridgeConfig-version.cmake
-- Installing: /home/huyen/drone_project/ros2_ws/install/vio_slam_bridge/share/vio_slam_bridge/package.xml
