[3.996s] Invoking command in '/home/huyen/drone_project/ros2_ws/src/precision_landing': PYTHONPATH=/home/huyen/drone_project/ros2_ws/build/precision_landing/prefix_override:/usr/lib/python3/dist-packages/colcon_core/task/python/colcon_distutils_commands:/home/huyen/drone_project/ros2_ws/install/precision_landing/lib/python3.10/site-packages:${PYTHONPATH} /usr/bin/python3 -W ignore:setup.py install is deprecated -W ignore:easy_install command is deprecated setup.py egg_info --egg-base ../../build/precision_landing build --build-base /home/huyen/drone_project/ros2_ws/build/precision_landing/build install --record /home/huyen/drone_project/ros2_ws/build/precision_landing/install.log --install-scripts $base/lib/precision_landing --single-version-externally-managed install_data
[5.602s] running egg_info
[5.606s] writing ../../build/precision_landing/precision_landing.egg-info/PKG-INFO
[5.607s] writing dependency_links to ../../build/precision_landing/precision_landing.egg-info/dependency_links.txt
[5.614s] writing entry points to ../../build/precision_landing/precision_landing.egg-info/entry_points.txt
[5.619s] writing requirements to ../../build/precision_landing/precision_landing.egg-info/requires.txt
[5.619s] writing top-level names to ../../build/precision_landing/precision_landing.egg-info/top_level.txt
[5.622s] reading manifest file '../../build/precision_landing/precision_landing.egg-info/SOURCES.txt'
[5.627s] writing manifest file '../../build/precision_landing/precision_landing.egg-info/SOURCES.txt'
[5.632s] running build
[5.633s] running build_py
[5.633s] copying precision_landing/gps_vio_switching_node.py -> /home/huyen/drone_project/ros2_ws/build/precision_landing/build/lib/precision_landing
[5.634s] running install
[5.634s] running install_lib
[5.641s] copying /home/huyen/drone_project/ros2_ws/build/precision_landing/build/lib/precision_landing/gps_vio_switching_node.py -> /home/huyen/drone_project/ros2_ws/install/precision_landing/lib/python3.10/site-packages/precision_landing
[5.641s] byte-compiling /home/huyen/drone_project/ros2_ws/install/precision_landing/lib/python3.10/site-packages/precision_landing/gps_vio_switching_node.py to gps_vio_switching_node.cpython-310.pyc
[5.646s] running install_data
[5.647s] running install_egg_info
[5.656s] removing '/home/huyen/drone_project/ros2_ws/install/precision_landing/lib/python3.10/site-packages/precision_landing-0.0.0-py3.10.egg-info' (and everything under it)
[5.662s] Copying ../../build/precision_landing/precision_landing.egg-info to /home/huyen/drone_project/ros2_ws/install/precision_landing/lib/python3.10/site-packages/precision_landing-0.0.0-py3.10.egg-info
[5.664s] running install_scripts
[5.775s] Installing aruco_detector_node script to /home/huyen/drone_project/ros2_ws/install/precision_landing/lib/precision_landing
[5.776s] Installing camera_reader_node script to /home/huyen/drone_project/ros2_ws/install/precision_landing/lib/precision_landing
[5.778s] Installing gps_vio_switching_node script to /home/huyen/drone_project/ros2_ws/install/precision_landing/lib/precision_landing
[5.781s] Installing landing_controller_node script to /home/huyen/drone_project/ros2_ws/install/precision_landing/lib/precision_landing
[5.782s] Installing mock_marker_publisher script to /home/huyen/drone_project/ros2_ws/install/precision_landing/lib/precision_landing
[5.786s] writing list of installed files to '/home/huyen/drone_project/ros2_ws/build/precision_landing/install.log'
[5.896s] Invoked command in '/home/huyen/drone_project/ros2_ws/src/precision_landing' returned '0': PYTHONPATH=/home/huyen/drone_project/ros2_ws/build/precision_landing/prefix_override:/usr/lib/python3/dist-packages/colcon_core/task/python/colcon_distutils_commands:/home/huyen/drone_project/ros2_ws/install/precision_landing/lib/python3.10/site-packages:${PYTHONPATH} /usr/bin/python3 -W ignore:setup.py install is deprecated -W ignore:easy_install command is deprecated setup.py egg_info --egg-base ../../build/precision_landing build --build-base /home/huyen/drone_project/ros2_ws/build/precision_landing/build install --record /home/huyen/drone_project/ros2_ws/build/precision_landing/install.log --install-scripts $base/lib/precision_landing --single-version-externally-managed install_data
