[0.222s] DEBUG:colcon:Command line arguments: ['/usr/bin/colcon', 'build', '--packages-select', 'precision_landing']
[0.222s] DEBUG:colcon:Parsed command line arguments: Namespace(log_base=None, log_level=None, verb_name='build', build_base='build', install_base='install', merge_install=False, symlink_install=False, test_result_base=None, continue_on_error=False, executor='parallel', parallel_workers=6, event_handlers=None, ignore_user_meta=False, metas=['./colcon.meta'], base_paths=['.'], packages_ignore=None, packages_ignore_regex=None, paths=None, packages_up_to=None, packages_up_to_regex=None, packages_above=None, packages_above_and_dependencies=None, packages_above_depth=None, packages_select_by_dep=None, packages_skip_by_dep=None, packages_skip_up_to=None, packages_select_build_failed=False, packages_skip_build_finished=False, packages_select_test_failures=False, packages_skip_test_passed=False, packages_select=['precision_landing'], packages_skip=None, packages_select_regex=None, packages_skip_regex=None, packages_start=None, packages_end=None, allow_overriding=[], cmake_args=None, cmake_target=None, cmake_target_skip_unavailable=False, cmake_clean_cache=False, cmake_clean_first=False, cmake_force_configure=False, ament_cmake_args=None, catkin_cmake_args=None, catkin_skip_building_tests=False, verb_parser=<colcon_defaults.argument_parser.defaults.DefaultArgumentsDecorator object at 0x72677735cfa0>, verb_extension=<colcon_core.verb.build.BuildVerb object at 0x72677745e680>, main=<bound method BuildVerb.main of <colcon_core.verb.build.BuildVerb object at 0x72677745e680>>)
[0.455s] Level 1:colcon.colcon_core.package_discovery:discover_packages(colcon_meta) check parameters
[0.455s] Level 1:colcon.colcon_core.package_discovery:discover_packages(recursive) check parameters
[0.455s] Level 1:colcon.colcon_core.package_discovery:discover_packages(ignore) check parameters
[0.455s] Level 1:colcon.colcon_core.package_discovery:discover_packages(path) check parameters
[0.455s] Level 1:colcon.colcon_core.package_discovery:discover_packages(colcon_meta) discover
[0.455s] Level 1:colcon.colcon_core.package_discovery:discover_packages(recursive) discover
[0.455s] INFO:colcon.colcon_core.package_discovery:Crawling recursively for packages in '/home/huyen/drone_project/ros2_ws'
[0.455s] Level 1:colcon.colcon_core.package_identification:_identify(.) by extensions ['ignore', 'ignore_ament_install']
[0.455s] Level 1:colcon.colcon_core.package_identification:_identify(.) by extension 'ignore'
[0.455s] Level 1:colcon.colcon_core.package_identification:_identify(.) by extension 'ignore_ament_install'
[0.455s] Level 1:colcon.colcon_core.package_identification:_identify(.) by extensions ['colcon_pkg']
[0.455s] Level 1:colcon.colcon_core.package_identification:_identify(.) by extension 'colcon_pkg'
[0.456s] Level 1:colcon.colcon_core.package_identification:_identify(.) by extensions ['colcon_meta']
[0.456s] Level 1:colcon.colcon_core.package_identification:_identify(.) by extension 'colcon_meta'
[0.456s] Level 1:colcon.colcon_core.package_identification:_identify(.) by extensions ['ros']
[0.456s] Level 1:colcon.colcon_core.package_identification:_identify(.) by extension 'ros'
[0.472s] Level 1:colcon.colcon_core.package_identification:_identify(.) by extensions ['cmake', 'python']
[0.472s] Level 1:colcon.colcon_core.package_identification:_identify(.) by extension 'cmake'
[0.472s] Level 1:colcon.colcon_core.package_identification:_identify(.) by extension 'python'
[0.472s] Level 1:colcon.colcon_core.package_identification:_identify(.) by extensions ['python_setup_py']
[0.472s] Level 1:colcon.colcon_core.package_identification:_identify(.) by extension 'python_setup_py'
[0.473s] Level 1:colcon.colcon_core.package_identification:_identify(build) by extensions ['ignore', 'ignore_ament_install']
[0.473s] Level 1:colcon.colcon_core.package_identification:_identify(build) by extension 'ignore'
[0.473s] Level 1:colcon.colcon_core.package_identification:_identify(build) ignored
[0.473s] Level 1:colcon.colcon_core.package_identification:_identify(install) by extensions ['ignore', 'ignore_ament_install']
[0.473s] Level 1:colcon.colcon_core.package_identification:_identify(install) by extension 'ignore'
[0.473s] Level 1:colcon.colcon_core.package_identification:_identify(install) ignored
[0.473s] Level 1:colcon.colcon_core.package_identification:_identify(log) by extensions ['ignore', 'ignore_ament_install']
[0.473s] Level 1:colcon.colcon_core.package_identification:_identify(log) by extension 'ignore'
[0.473s] Level 1:colcon.colcon_core.package_identification:_identify(log) ignored
[0.474s] Level 1:colcon.colcon_core.package_identification:_identify(logs) by extensions ['ignore', 'ignore_ament_install']
[0.474s] Level 1:colcon.colcon_core.package_identification:_identify(logs) by extension 'ignore'
[0.474s] Level 1:colcon.colcon_core.package_identification:_identify(logs) by extension 'ignore_ament_install'
[0.474s] Level 1:colcon.colcon_core.package_identification:_identify(logs) by extensions ['colcon_pkg']
[0.474s] Level 1:colcon.colcon_core.package_identification:_identify(logs) by extension 'colcon_pkg'
[0.474s] Level 1:colcon.colcon_core.package_identification:_identify(logs) by extensions ['colcon_meta']
[0.474s] Level 1:colcon.colcon_core.package_identification:_identify(logs) by extension 'colcon_meta'
[0.474s] Level 1:colcon.colcon_core.package_identification:_identify(logs) by extensions ['ros']
[0.474s] Level 1:colcon.colcon_core.package_identification:_identify(logs) by extension 'ros'
[0.474s] Level 1:colcon.colcon_core.package_identification:_identify(logs) by extensions ['cmake', 'python']
[0.474s] Level 1:colcon.colcon_core.package_identification:_identify(logs) by extension 'cmake'
[0.474s] Level 1:colcon.colcon_core.package_identification:_identify(logs) by extension 'python'
[0.474s] Level 1:colcon.colcon_core.package_identification:_identify(logs) by extensions ['python_setup_py']
[0.474s] Level 1:colcon.colcon_core.package_identification:_identify(logs) by extension 'python_setup_py'
[0.475s] Level 1:colcon.colcon_core.package_identification:_identify(src) by extensions ['ignore', 'ignore_ament_install']
[0.475s] Level 1:colcon.colcon_core.package_identification:_identify(src) by extension 'ignore'
[0.475s] Level 1:colcon.colcon_core.package_identification:_identify(src) by extension 'ignore_ament_install'
[0.475s] Level 1:colcon.colcon_core.package_identification:_identify(src) by extensions ['colcon_pkg']
[0.475s] Level 1:colcon.colcon_core.package_identification:_identify(src) by extension 'colcon_pkg'
[0.475s] Level 1:colcon.colcon_core.package_identification:_identify(src) by extensions ['colcon_meta']
[0.475s] Level 1:colcon.colcon_core.package_identification:_identify(src) by extension 'colcon_meta'
[0.475s] Level 1:colcon.colcon_core.package_identification:_identify(src) by extensions ['ros']
[0.475s] Level 1:colcon.colcon_core.package_identification:_identify(src) by extension 'ros'
[0.475s] Level 1:colcon.colcon_core.package_identification:_identify(src) by extensions ['cmake', 'python']
[0.475s] Level 1:colcon.colcon_core.package_identification:_identify(src) by extension 'cmake'
[0.475s] Level 1:colcon.colcon_core.package_identification:_identify(src) by extension 'python'
[0.475s] Level 1:colcon.colcon_core.package_identification:_identify(src) by extensions ['python_setup_py']
[0.475s] Level 1:colcon.colcon_core.package_identification:_identify(src) by extension 'python_setup_py'
[0.476s] Level 1:colcon.colcon_core.package_identification:_identify(src/precision_landing) by extensions ['ignore', 'ignore_ament_install']
[0.476s] Level 1:colcon.colcon_core.package_identification:_identify(src/precision_landing) by extension 'ignore'
[0.476s] Level 1:colcon.colcon_core.package_identification:_identify(src/precision_landing) by extension 'ignore_ament_install'
[0.476s] Level 1:colcon.colcon_core.package_identification:_identify(src/precision_landing) by extensions ['colcon_pkg']
[0.476s] Level 1:colcon.colcon_core.package_identification:_identify(src/precision_landing) by extension 'colcon_pkg'
[0.476s] Level 1:colcon.colcon_core.package_identification:_identify(src/precision_landing) by extensions ['colcon_meta']
[0.476s] Level 1:colcon.colcon_core.package_identification:_identify(src/precision_landing) by extension 'colcon_meta'
[0.476s] Level 1:colcon.colcon_core.package_identification:_identify(src/precision_landing) by extensions ['ros']
[0.476s] Level 1:colcon.colcon_core.package_identification:_identify(src/precision_landing) by extension 'ros'
[0.480s] DEBUG:colcon.colcon_core.package_identification:Package 'src/precision_landing' with type 'ros.ament_python' and name 'precision_landing'
[0.480s] Level 1:colcon.colcon_core.package_identification:_identify(src/uav_cloud_bridge) by extensions ['ignore', 'ignore_ament_install']
[0.480s] Level 1:colcon.colcon_core.package_identification:_identify(src/uav_cloud_bridge) by extension 'ignore'
[0.480s] Level 1:colcon.colcon_core.package_identification:_identify(src/uav_cloud_bridge) by extension 'ignore_ament_install'
[0.481s] Level 1:colcon.colcon_core.package_identification:_identify(src/uav_cloud_bridge) by extensions ['colcon_pkg']
[0.481s] Level 1:colcon.colcon_core.package_identification:_identify(src/uav_cloud_bridge) by extension 'colcon_pkg'
[0.481s] Level 1:colcon.colcon_core.package_identification:_identify(src/uav_cloud_bridge) by extensions ['colcon_meta']
[0.481s] Level 1:colcon.colcon_core.package_identification:_identify(src/uav_cloud_bridge) by extension 'colcon_meta'
[0.481s] Level 1:colcon.colcon_core.package_identification:_identify(src/uav_cloud_bridge) by extensions ['ros']
[0.481s] Level 1:colcon.colcon_core.package_identification:_identify(src/uav_cloud_bridge) by extension 'ros'
[0.482s] DEBUG:colcon.colcon_core.package_identification:Package 'src/uav_cloud_bridge' with type 'ros.ament_python' and name 'uav_cloud_bridge'
[0.482s] Level 1:colcon.colcon_core.package_identification:_identify(src/vio_slam_bridge) by extensions ['ignore', 'ignore_ament_install']
[0.482s] Level 1:colcon.colcon_core.package_identification:_identify(src/vio_slam_bridge) by extension 'ignore'
[0.483s] Level 1:colcon.colcon_core.package_identification:_identify(src/vio_slam_bridge) by extension 'ignore_ament_install'
[0.483s] Level 1:colcon.colcon_core.package_identification:_identify(src/vio_slam_bridge) by extensions ['colcon_pkg']
[0.483s] Level 1:colcon.colcon_core.package_identification:_identify(src/vio_slam_bridge) by extension 'colcon_pkg'
[0.483s] Level 1:colcon.colcon_core.package_identification:_identify(src/vio_slam_bridge) by extensions ['colcon_meta']
[0.483s] Level 1:colcon.colcon_core.package_identification:_identify(src/vio_slam_bridge) by extension 'colcon_meta'
[0.483s] Level 1:colcon.colcon_core.package_identification:_identify(src/vio_slam_bridge) by extensions ['ros']
[0.483s] Level 1:colcon.colcon_core.package_identification:_identify(src/vio_slam_bridge) by extension 'ros'
[0.484s] DEBUG:colcon.colcon_core.package_identification:Package 'src/vio_slam_bridge' with type 'ros.ament_cmake' and name 'vio_slam_bridge'
[0.484s] Level 1:colcon.colcon_core.package_discovery:discover_packages(recursive) using defaults
[0.484s] Level 1:colcon.colcon_core.package_discovery:discover_packages(ignore) discover
[0.484s] Level 1:colcon.colcon_core.package_discovery:discover_packages(ignore) using defaults
[0.484s] Level 1:colcon.colcon_core.package_discovery:discover_packages(path) discover
[0.484s] Level 1:colcon.colcon_core.package_discovery:discover_packages(path) using defaults
[0.536s] INFO:colcon.colcon_core.package_selection:Skipping not selected package 'uav_cloud_bridge' in 'src/uav_cloud_bridge'
[0.536s] INFO:colcon.colcon_core.package_selection:Skipping not selected package 'vio_slam_bridge' in 'src/vio_slam_bridge'
[0.536s] Level 1:colcon.colcon_core.package_discovery:discover_packages(prefix_path) check parameters
[0.536s] Level 1:colcon.colcon_core.package_discovery:discover_packages(prefix_path) discover
[0.540s] DEBUG:colcon.colcon_installed_package_information.package_discovery:Found 3 installed packages in /home/huyen/drone_project/ros2_ws/install
[0.541s] DEBUG:colcon.colcon_installed_package_information.package_discovery:Found 280 installed packages in /opt/ros/humble
[0.543s] Level 1:colcon.colcon_core.package_discovery:discover_packages(prefix_path) using defaults
[0.602s] Level 5:colcon.colcon_core.verb:set package 'precision_landing' build argument 'cmake_args' from command line to 'None'
[0.602s] Level 5:colcon.colcon_core.verb:set package 'precision_landing' build argument 'cmake_target' from command line to 'None'
[0.602s] Level 5:colcon.colcon_core.verb:set package 'precision_landing' build argument 'cmake_target_skip_unavailable' from command line to 'False'
[0.602s] Level 5:colcon.colcon_core.verb:set package 'precision_landing' build argument 'cmake_clean_cache' from command line to 'False'
[0.602s] Level 5:colcon.colcon_core.verb:set package 'precision_landing' build argument 'cmake_clean_first' from command line to 'False'
[0.602s] Level 5:colcon.colcon_core.verb:set package 'precision_landing' build argument 'cmake_force_configure' from command line to 'False'
[0.602s] Level 5:colcon.colcon_core.verb:set package 'precision_landing' build argument 'ament_cmake_args' from command line to 'None'
[0.602s] Level 5:colcon.colcon_core.verb:set package 'precision_landing' build argument 'catkin_cmake_args' from command line to 'None'
[0.602s] Level 5:colcon.colcon_core.verb:set package 'precision_landing' build argument 'catkin_skip_building_tests' from command line to 'False'
[0.602s] DEBUG:colcon.colcon_core.verb:Building package 'precision_landing' with the following arguments: {'ament_cmake_args': None, 'build_base': '/home/huyen/drone_project/ros2_ws/build/precision_landing', 'catkin_cmake_args': None, 'catkin_skip_building_tests': False, 'cmake_args': None, 'cmake_clean_cache': False, 'cmake_clean_first': False, 'cmake_force_configure': False, 'cmake_target': None, 'cmake_target_skip_unavailable': False, 'install_base': '/home/huyen/drone_project/ros2_ws/install/precision_landing', 'merge_install': False, 'path': '/home/huyen/drone_project/ros2_ws/src/precision_landing', 'symlink_install': False, 'test_result_base': None}
[0.602s] INFO:colcon.colcon_core.executor:Executing jobs using 'parallel' executor
[0.604s] DEBUG:colcon.colcon_parallel_executor.executor.parallel:run_until_complete
[0.605s] INFO:colcon.colcon_ros.task.ament_python.build:Building ROS package in '/home/huyen/drone_project/ros2_ws/src/precision_landing' with build type 'ament_python'
[0.605s] Level 1:colcon.colcon_core.shell:create_environment_hook('precision_landing', 'ament_prefix_path')
[0.610s] INFO:colcon.colcon_core.plugin_system:Skipping extension 'colcon_core.shell.bat': Not used on non-Windows systems
[0.611s] INFO:colcon.colcon_core.shell:Creating environment hook '/home/huyen/drone_project/ros2_ws/install/precision_landing/share/precision_landing/hook/ament_prefix_path.ps1'
[0.613s] INFO:colcon.colcon_core.shell:Creating environment descriptor '/home/huyen/drone_project/ros2_ws/install/precision_landing/share/precision_landing/hook/ament_prefix_path.dsv'
[0.614s] INFO:colcon.colcon_core.shell:Creating environment hook '/home/huyen/drone_project/ros2_ws/install/precision_landing/share/precision_landing/hook/ament_prefix_path.sh'
[0.615s] INFO:colcon.colcon_core.shell:Skip shell extension 'powershell' for command environment: Not usable outside of PowerShell
[0.616s] DEBUG:colcon.colcon_core.shell:Skip shell extension 'dsv' for command environment
[1.025s] INFO:colcon.colcon_core.task.python.build:Building Python package in '/home/huyen/drone_project/ros2_ws/src/precision_landing'
[1.025s] INFO:colcon.colcon_core.shell:Skip shell extension 'powershell' for command environment: Not usable outside of PowerShell
[1.025s] DEBUG:colcon.colcon_core.shell:Skip shell extension 'dsv' for command environment
[1.543s] DEBUG:colcon.colcon_core.task.python.build:Available setuptools commands: build_ext, build_py, upload_docs, install, sdist, register, easy_install, build_clib, install_scripts, egg_info, bdist_egg, bdist_dumb, install_egg_info, setopt, build, bdist_rpm, check, bdist_wheel, install_lib, init_catalog, update_catalog, build_scripts, clean, install_data, bdist, rotate, install_headers, extract_messages, saveopts, develop, upload, symlink_data, compile_catalog, alias, dist_info, test
[1.548s] DEBUG:colcon.colcon_core.event_handler.log_command:Invoking command in '/home/huyen/drone_project/ros2_ws/src/precision_landing': PYTHONPATH=/home/huyen/drone_project/ros2_ws/build/precision_landing/prefix_override:/usr/lib/python3/dist-packages/colcon_core/task/python/colcon_distutils_commands:/home/huyen/drone_project/ros2_ws/install/precision_landing/lib/python3.10/site-packages:${PYTHONPATH} /usr/bin/python3 -W ignore:setup.py install is deprecated -W ignore:easy_install command is deprecated setup.py egg_info --egg-base ../../build/precision_landing build --build-base /home/huyen/drone_project/ros2_ws/build/precision_landing/build install --record /home/huyen/drone_project/ros2_ws/build/precision_landing/install.log --install-scripts $base/lib/precision_landing --single-version-externally-managed install_data
[1.973s] DEBUG:colcon.colcon_core.event_handler.log_command:Invoked command in '/home/huyen/drone_project/ros2_ws/src/precision_landing' returned '0': PYTHONPATH=/home/huyen/drone_project/ros2_ws/build/precision_landing/prefix_override:/usr/lib/python3/dist-packages/colcon_core/task/python/colcon_distutils_commands:/home/huyen/drone_project/ros2_ws/install/precision_landing/lib/python3.10/site-packages:${PYTHONPATH} /usr/bin/python3 -W ignore:setup.py install is deprecated -W ignore:easy_install command is deprecated setup.py egg_info --egg-base ../../build/precision_landing build --build-base /home/huyen/drone_project/ros2_ws/build/precision_landing/build install --record /home/huyen/drone_project/ros2_ws/build/precision_landing/install.log --install-scripts $base/lib/precision_landing --single-version-externally-managed install_data
[1.976s] Level 1:colcon.colcon_core.environment:checking '/home/huyen/drone_project/ros2_ws/install/precision_landing' for CMake module files
[1.977s] Level 1:colcon.colcon_core.environment:checking '/home/huyen/drone_project/ros2_ws/install/precision_landing' for CMake config files
[1.978s] Level 1:colcon.colcon_core.environment:checking '/home/huyen/drone_project/ros2_ws/install/precision_landing/lib'
[1.978s] Level 1:colcon.colcon_core.environment:checking '/home/huyen/drone_project/ros2_ws/install/precision_landing/bin'
[1.978s] Level 1:colcon.colcon_core.environment:checking '/home/huyen/drone_project/ros2_ws/install/precision_landing/lib/pkgconfig/precision_landing.pc'
[1.979s] Level 1:colcon.colcon_core.environment:checking '/home/huyen/drone_project/ros2_ws/install/precision_landing/lib/python3.10/site-packages'
[1.979s] Level 1:colcon.colcon_core.shell:create_environment_hook('precision_landing', 'pythonpath')
[1.979s] INFO:colcon.colcon_core.shell:Creating environment hook '/home/huyen/drone_project/ros2_ws/install/precision_landing/share/precision_landing/hook/pythonpath.ps1'
[1.980s] INFO:colcon.colcon_core.shell:Creating environment descriptor '/home/huyen/drone_project/ros2_ws/install/precision_landing/share/precision_landing/hook/pythonpath.dsv'
[1.980s] INFO:colcon.colcon_core.shell:Creating environment hook '/home/huyen/drone_project/ros2_ws/install/precision_landing/share/precision_landing/hook/pythonpath.sh'
[1.981s] Level 1:colcon.colcon_core.environment:checking '/home/huyen/drone_project/ros2_ws/install/precision_landing/bin'
[1.981s] Level 1:colcon.colcon_core.environment:create_environment_scripts_only(precision_landing)
[1.982s] INFO:colcon.colcon_core.shell:Creating package script '/home/huyen/drone_project/ros2_ws/install/precision_landing/share/precision_landing/package.ps1'
[1.983s] INFO:colcon.colcon_core.shell:Creating package descriptor '/home/huyen/drone_project/ros2_ws/install/precision_landing/share/precision_landing/package.dsv'
[1.984s] INFO:colcon.colcon_core.shell:Creating package script '/home/huyen/drone_project/ros2_ws/install/precision_landing/share/precision_landing/package.sh'
[1.985s] INFO:colcon.colcon_core.shell:Creating package script '/home/huyen/drone_project/ros2_ws/install/precision_landing/share/precision_landing/package.bash'
[1.986s] INFO:colcon.colcon_core.shell:Creating package script '/home/huyen/drone_project/ros2_ws/install/precision_landing/share/precision_landing/package.zsh'
[1.987s] Level 1:colcon.colcon_core.environment:create_file_with_runtime_dependencies(/home/huyen/drone_project/ros2_ws/install/precision_landing/share/colcon-core/packages/precision_landing)
[1.988s] DEBUG:colcon.colcon_parallel_executor.executor.parallel:closing loop
[1.989s] DEBUG:colcon.colcon_parallel_executor.executor.parallel:loop closed
[1.989s] DEBUG:colcon.colcon_parallel_executor.executor.parallel:run_until_complete finished with '0'
[1.989s] DEBUG:colcon.colcon_core.event_reactor:joining thread
[2.054s] INFO:colcon.colcon_core.plugin_system:Skipping extension 'colcon_notification.desktop_notification.notify_send': Could not find 'notify-send'
[2.054s] INFO:colcon.colcon_core.plugin_system:Skipping extension 'colcon_notification.desktop_notification.terminal_notifier': Not used on non-Darwin systems
[2.054s] INFO:colcon.colcon_core.plugin_system:Skipping extension 'colcon_notification.desktop_notification.win32': Not used on non-Windows systems
[2.055s] INFO:colcon.colcon_notification.desktop_notification:Sending desktop notification using 'notify2'
[2.055s] DEBUG:colcon.colcon_notification.desktop_notification.notify2:Failed to initialize notify2: org.freedesktop.DBus.Error.FileNotFound: Failed to connect to socket /run/user/1000/bus: No such file or directory
[2.055s] DEBUG:colcon.colcon_core.event_reactor:joined thread
[2.055s] INFO:colcon.colcon_core.shell:Creating prefix script '/home/huyen/drone_project/ros2_ws/install/local_setup.ps1'
[2.057s] INFO:colcon.colcon_core.shell:Creating prefix util module '/home/huyen/drone_project/ros2_ws/install/_local_setup_util_ps1.py'
[2.059s] INFO:colcon.colcon_core.shell:Creating prefix chain script '/home/huyen/drone_project/ros2_ws/install/setup.ps1'
[2.061s] INFO:colcon.colcon_core.shell:Creating prefix script '/home/huyen/drone_project/ros2_ws/install/local_setup.sh'
[2.061s] INFO:colcon.colcon_core.shell:Creating prefix util module '/home/huyen/drone_project/ros2_ws/install/_local_setup_util_sh.py'
[2.062s] INFO:colcon.colcon_core.shell:Creating prefix chain script '/home/huyen/drone_project/ros2_ws/install/setup.sh'
[2.064s] INFO:colcon.colcon_core.shell:Creating prefix script '/home/huyen/drone_project/ros2_ws/install/local_setup.bash'
[2.065s] INFO:colcon.colcon_core.shell:Creating prefix chain script '/home/huyen/drone_project/ros2_ws/install/setup.bash'
[2.066s] INFO:colcon.colcon_core.shell:Creating prefix script '/home/huyen/drone_project/ros2_ws/install/local_setup.zsh'
[2.067s] INFO:colcon.colcon_core.shell:Creating prefix chain script '/home/huyen/drone_project/ros2_ws/install/setup.zsh'
