/home/huyen/drone_project/ros2_ws/install/precision_landing/lib/python3.10/site-packages/precision_landing/camera_reader_node.py
/home/huyen/drone_project/ros2_ws/install/precision_landing/lib/python3.10/site-packages/precision_landing/mock_marker_publisher.py
/home/huyen/drone_project/ros2_ws/install/precision_landing/lib/python3.10/site-packages/precision_landing/lora_protocol_node.py
/home/huyen/drone_project/ros2_ws/install/precision_landing/lib/python3.10/site-packages/precision_landing/landing_controller_node.py
/home/huyen/drone_project/ros2_ws/install/precision_landing/lib/python3.10/site-packages/precision_landing/lora_transport_mock.py
/home/huyen/drone_project/ros2_ws/install/precision_landing/lib/python3.10/site-packages/precision_landing/__init__.py
/home/huyen/drone_project/ros2_ws/install/precision_landing/lib/python3.10/site-packages/precision_landing/gps_vio_switching_node.py
/home/huyen/drone_project/ros2_ws/install/precision_landing/lib/python3.10/site-packages/precision_landing/lora_ground_station_mock.py
/home/huyen/drone_project/ros2_ws/install/precision_landing/lib/python3.10/site-packages/precision_landing/aruco_detector_node.py
/home/huyen/drone_project/ros2_ws/install/precision_landing/lib/python3.10/site-packages/precision_landing/__pycache__/camera_reader_node.cpython-310.pyc
/home/huyen/drone_project/ros2_ws/install/precision_landing/lib/python3.10/site-packages/precision_landing/__pycache__/mock_marker_publisher.cpython-310.pyc
/home/huyen/drone_project/ros2_ws/install/precision_landing/lib/python3.10/site-packages/precision_landing/__pycache__/lora_protocol_node.cpython-310.pyc
/home/huyen/drone_project/ros2_ws/install/precision_landing/lib/python3.10/site-packages/precision_landing/__pycache__/landing_controller_node.cpython-310.pyc
/home/huyen/drone_project/ros2_ws/install/precision_landing/lib/python3.10/site-packages/precision_landing/__pycache__/lora_transport_mock.cpython-310.pyc
/home/huyen/drone_project/ros2_ws/install/precision_landing/lib/python3.10/site-packages/precision_landing/__pycache__/__init__.cpython-310.pyc
/home/huyen/drone_project/ros2_ws/install/precision_landing/lib/python3.10/site-packages/precision_landing/__pycache__/gps_vio_switching_node.cpython-310.pyc
/home/huyen/drone_project/ros2_ws/install/precision_landing/lib/python3.10/site-packages/precision_landing/__pycache__/lora_ground_station_mock.cpython-310.pyc
/home/huyen/drone_project/ros2_ws/install/precision_landing/lib/python3.10/site-packages/precision_landing/__pycache__/aruco_detector_node.cpython-310.pyc
/home/huyen/drone_project/ros2_ws/install/precision_landing/share/ament_index/resource_index/packages/precision_landing
/home/huyen/drone_project/ros2_ws/install/precision_landing/share/precision_landing/package.xml
/home/huyen/drone_project/ros2_ws/install/precision_landing/lib/python3.10/site-packages/precision_landing-0.0.0-py3.10.egg-info/top_level.txt
/home/huyen/drone_project/ros2_ws/install/precision_landing/lib/python3.10/site-packages/precision_landing-0.0.0-py3.10.egg-info/dependency_links.txt
/home/huyen/drone_project/ros2_ws/install/precision_landing/lib/python3.10/site-packages/precision_landing-0.0.0-py3.10.egg-info/requires.txt
/home/huyen/drone_project/ros2_ws/install/precision_landing/lib/python3.10/site-packages/precision_landing-0.0.0-py3.10.egg-info/zip-safe
/home/huyen/drone_project/ros2_ws/install/precision_landing/lib/python3.10/site-packages/precision_landing-0.0.0-py3.10.egg-info/entry_points.txt
/home/huyen/drone_project/ros2_ws/install/precision_landing/lib/python3.10/site-packages/precision_landing-0.0.0-py3.10.egg-info/PKG-INFO
/home/huyen/drone_project/ros2_ws/install/precision_landing/lib/python3.10/site-packages/precision_landing-0.0.0-py3.10.egg-info/SOURCES.txt
/home/huyen/drone_project/ros2_ws/install/precision_landing/lib/precision_landing/aruco_detector_node
/home/huyen/drone_project/ros2_ws/install/precision_landing/lib/precision_landing/camera_reader_node
/home/huyen/drone_project/ros2_ws/install/precision_landing/lib/precision_landing/gps_vio_switching_node
/home/huyen/drone_project/ros2_ws/install/precision_landing/lib/precision_landing/landing_controller_node
/home/huyen/drone_project/ros2_ws/install/precision_landing/lib/precision_landing/lora_ground_station_mock
/home/huyen/drone_project/ros2_ws/install/precision_landing/lib/precision_landing/lora_protocol_node
/home/huyen/drone_project/ros2_ws/install/precision_landing/lib/precision_landing/mock_marker_publisher
