running egg_info
writing ../../build/uav_cloud_bridge/uav_cloud_bridge.egg-info/PKG-INFO
writing dependency_links to ../../build/uav_cloud_bridge/uav_cloud_bridge.egg-info/dependency_links.txt
writing entry points to ../../build/uav_cloud_bridge/uav_cloud_bridge.egg-info/entry_points.txt
writing requirements to ../../build/uav_cloud_bridge/uav_cloud_bridge.egg-info/requires.txt
writing top-level names to ../../build/uav_cloud_bridge/uav_cloud_bridge.egg-info/top_level.txt
reading manifest file '../../build/uav_cloud_bridge/uav_cloud_bridge.egg-info/SOURCES.txt'
writing manifest file '../../build/uav_cloud_bridge/uav_cloud_bridge.egg-info/SOURCES.txt'
running build
running build_py
copying uav_cloud_bridge/bridge_node.py -> /home/huyen/drone_project/ros2_ws/build/uav_cloud_bridge/build/lib/uav_cloud_bridge
running install
running install_lib
copying /home/huyen/drone_project/ros2_ws/build/uav_cloud_bridge/build/lib/uav_cloud_bridge/bridge_node.py -> /home/huyen/drone_project/ros2_ws/install/uav_cloud_bridge/lib/python3.10/site-packages/uav_cloud_bridge
byte-compiling /home/huyen/drone_project/ros2_ws/install/uav_cloud_bridge/lib/python3.10/site-packages/uav_cloud_bridge/bridge_node.py to bridge_node.cpython-310.pyc
running install_data
running install_egg_info
removing '/home/huyen/drone_project/ros2_ws/install/uav_cloud_bridge/lib/python3.10/site-packages/uav_cloud_bridge-0.0.0-py3.10.egg-info' (and everything under it)
Copying ../../build/uav_cloud_bridge/uav_cloud_bridge.egg-info to /home/huyen/drone_project/ros2_ws/install/uav_cloud_bridge/lib/python3.10/site-packages/uav_cloud_bridge-0.0.0-py3.10.egg-info
running install_scripts
Installing bridge_node script to /home/huyen/drone_project/ros2_ws/install/uav_cloud_bridge/lib/uav_cloud_bridge
writing list of installed files to '/home/huyen/drone_project/ros2_ws/build/uav_cloud_bridge/install.log'
