[1.229s] Invoking command in '/home/huyen/drone_project/ros2_ws/src/precision_landing': PYTHONPATH=/home/huyen/drone_project/ros2_ws/build/precision_landing/prefix_override:/usr/lib/python3/dist-packages/colcon_core/task/python/colcon_distutils_commands:/home/huyen/drone_project/ros2_ws/install/precision_landing/lib/python3.10/site-packages:${PYTHONPATH} /usr/bin/python3 -W ignore:setup.py install is deprecated -W ignore:easy_install command is deprecated setup.py egg_info --egg-base ../../build/precision_landing build --build-base /home/huyen/drone_project/ros2_ws/build/precision_landing/build install --record /home/huyen/drone_project/ros2_ws/build/precision_landing/install.log --install-scripts $base/lib/precision_landing --single-version-externally-managed install_data
[1.713s] running egg_info
[1.714s] writing ../../build/precision_landing/precision_landing.egg-info/PKG-INFO
[1.715s] writing dependency_links to ../../build/precision_landing/precision_landing.egg-info/dependency_links.txt
[1.715s] writing entry points to ../../build/precision_landing/precision_landing.egg-info/entry_points.txt
[1.716s] writing requirements to ../../build/precision_landing/precision_landing.egg-info/requires.txt
[1.716s] writing top-level names to ../../build/precision_landing/precision_landing.egg-info/top_level.txt
[1.720s] reading manifest file '../../build/precision_landing/precision_landing.egg-info/SOURCES.txt'
[1.722s] writing manifest file '../../build/precision_landing/precision_landing.egg-info/SOURCES.txt'
[1.723s] running build
[1.723s] running build_py
[1.723s] copying precision_landing/gps_vio_switching_node.py -> /home/huyen/drone_project/ros2_ws/build/precision_landing/build/lib/precision_landing
[1.724s] running install
[1.725s] running install_lib
[1.727s] copying /home/huyen/drone_project/ros2_ws/build/precision_landing/build/lib/precision_landing/gps_vio_switching_node.py -> /home/huyen/drone_project/ros2_ws/install/precision_landing/lib/python3.10/site-packages/precision_landing
[1.728s] byte-compiling /home/huyen/drone_project/ros2_ws/install/precision_landing/lib/python3.10/site-packages/precision_landing/gps_vio_switching_node.py to gps_vio_switching_node.cpython-310.pyc
[1.730s] running install_data
[1.730s] running install_egg_info
[1.733s] removing '/home/huyen/drone_project/ros2_ws/install/precision_landing/lib/python3.10/site-packages/precision_landing-0.0.0-py3.10.egg-info' (and everything under it)
[1.734s] Copying ../../build/precision_landing/precision_landing.egg-info to /home/huyen/drone_project/ros2_ws/install/precision_landing/lib/python3.10/site-packages/precision_landing-0.0.0-py3.10.egg-info
[1.735s] running install_scripts
[1.760s] Installing aruco_detector_node script to /home/huyen/drone_project/ros2_ws/install/precision_landing/lib/precision_landing
[1.760s] Installing camera_reader_node script to /home/huyen/drone_project/ros2_ws/install/precision_landing/lib/precision_landing
[1.760s] Installing gps_vio_switching_node script to /home/huyen/drone_project/ros2_ws/install/precision_landing/lib/precision_landing
[1.761s] Installing landing_controller_node script to /home/huyen/drone_project/ros2_ws/install/precision_landing/lib/precision_landing
[1.762s] Installing mock_marker_publisher script to /home/huyen/drone_project/ros2_ws/install/precision_landing/lib/precision_landing
[1.763s] writing list of installed files to '/home/huyen/drone_project/ros2_ws/build/precision_landing/install.log'
[1.801s] Invoked command in '/home/huyen/drone_project/ros2_ws/src/precision_landing' returned '0': PYTHONPATH=/home/huyen/drone_project/ros2_ws/build/precision_landing/prefix_override:/usr/lib/python3/dist-packages/colcon_core/task/python/colcon_distutils_commands:/home/huyen/drone_project/ros2_ws/install/precision_landing/lib/python3.10/site-packages:${PYTHONPATH} /usr/bin/python3 -W ignore:setup.py install is deprecated -W ignore:easy_install command is deprecated setup.py egg_info --egg-base ../../build/precision_landing build --build-base /home/huyen/drone_project/ros2_ws/build/precision_landing/build install --record /home/huyen/drone_project/ros2_ws/build/precision_landing/install.log --install-scripts $base/lib/precision_landing --single-version-externally-managed install_data
