running egg_info
writing ../../build/precision_landing/precision_landing.egg-info/PKG-INFO
writing dependency_links to ../../build/precision_landing/precision_landing.egg-info/dependency_links.txt
writing entry points to ../../build/precision_landing/precision_landing.egg-info/entry_points.txt
writing requirements to ../../build/precision_landing/precision_landing.egg-info/requires.txt
writing top-level names to ../../build/precision_landing/precision_landing.egg-info/top_level.txt
reading manifest file '../../build/precision_landing/precision_landing.egg-info/SOURCES.txt'
writing manifest file '../../build/precision_landing/precision_landing.egg-info/SOURCES.txt'
running build
running build_py
copying precision_landing/gps_vio_switching_node.py -> /home/huyen/drone_project/ros2_ws/build/precision_landing/build/lib/precision_landing
running install
running install_lib
copying /home/huyen/drone_project/ros2_ws/build/precision_landing/build/lib/precision_landing/gps_vio_switching_node.py -> /home/huyen/drone_project/ros2_ws/install/precision_landing/lib/python3.10/site-packages/precision_landing
byte-compiling /home/huyen/drone_project/ros2_ws/install/precision_landing/lib/python3.10/site-packages/precision_landing/gps_vio_switching_node.py to gps_vio_switching_node.cpython-310.pyc
running install_data
running install_egg_info
removing '/home/huyen/drone_project/ros2_ws/install/precision_landing/lib/python3.10/site-packages/precision_landing-0.0.0-py3.10.egg-info' (and everything under it)
Copying ../../build/precision_landing/precision_landing.egg-info to /home/huyen/drone_project/ros2_ws/install/precision_landing/lib/python3.10/site-packages/precision_landing-0.0.0-py3.10.egg-info
running install_scripts
Installing aruco_detector_node script to /home/huyen/drone_project/ros2_ws/install/precision_landing/lib/precision_landing
Installing camera_reader_node script to /home/huyen/drone_project/ros2_ws/install/precision_landing/lib/precision_landing
Installing gps_vio_switching_node script to /home/huyen/drone_project/ros2_ws/install/precision_landing/lib/precision_landing
Installing landing_controller_node script to /home/huyen/drone_project/ros2_ws/install/precision_landing/lib/precision_landing
Installing mock_marker_publisher script to /home/huyen/drone_project/ros2_ws/install/precision_landing/lib/precision_landing
writing list of installed files to '/home/huyen/drone_project/ros2_ws/build/precision_landing/install.log'
