[0.211s] DEBUG:colcon:Command line arguments: ['/usr/bin/colcon', 'build', '--packages-select', 'vio_slam_bridge']
[0.211s] DEBUG:colcon:Parsed command line arguments: Namespace(log_base=None, log_level=None, verb_name='build', build_base='build', install_base='install', merge_install=False, symlink_install=False, test_result_base=None, continue_on_error=False, executor='parallel', parallel_workers=6, event_handlers=None, ignore_user_meta=False, metas=['./colcon.meta'], base_paths=['.'], packages_ignore=None, packages_ignore_regex=None, paths=None, packages_up_to=None, packages_up_to_regex=None, packages_above=None, packages_above_and_dependencies=None, packages_above_depth=None, packages_select_by_dep=None, packages_skip_by_dep=None, packages_skip_up_to=None, packages_select_build_failed=False, packages_skip_build_finished=False, packages_select_test_failures=False, packages_skip_test_passed=False, packages_select=['vio_slam_bridge'], packages_skip=None, packages_select_regex=None, packages_skip_regex=None, packages_start=None, packages_end=None, allow_overriding=[], cmake_args=None, cmake_target=None, cmake_target_skip_unavailable=False, cmake_clean_cache=False, cmake_clean_first=False, cmake_force_configure=False, ament_cmake_args=None, catkin_cmake_args=None, catkin_skip_building_tests=False, verb_parser=<colcon_defaults.argument_parser.defaults.DefaultArgumentsDecorator object at 0x7da025e68ee0>, verb_extension=<colcon_core.verb.build.BuildVerb object at 0x7da025f665c0>, main=<bound method BuildVerb.main of <colcon_core.verb.build.BuildVerb object at 0x7da025f665c0>>)
[0.401s] Level 1:colcon.colcon_core.package_discovery:discover_packages(colcon_meta) check parameters
[0.401s] Level 1:colcon.colcon_core.package_discovery:discover_packages(recursive) check parameters
[0.401s] Level 1:colcon.colcon_core.package_discovery:discover_packages(ignore) check parameters
[0.401s] Level 1:colcon.colcon_core.package_discovery:discover_packages(path) check parameters
[0.401s] Level 1:colcon.colcon_core.package_discovery:discover_packages(colcon_meta) discover
[0.401s] Level 1:colcon.colcon_core.package_discovery:discover_packages(recursive) discover
[0.401s] INFO:colcon.colcon_core.package_discovery:Crawling recursively for packages in '/home/huyen/drone_project/ros2_ws'
[0.402s] Level 1:colcon.colcon_core.package_identification:_identify(.) by extensions ['ignore', 'ignore_ament_install']
[0.402s] Level 1:colcon.colcon_core.package_identification:_identify(.) by extension 'ignore'
[0.402s] Level 1:colcon.colcon_core.package_identification:_identify(.) by extension 'ignore_ament_install'
[0.402s] Level 1:colcon.colcon_core.package_identification:_identify(.) by extensions ['colcon_pkg']
[0.402s] Level 1:colcon.colcon_core.package_identification:_identify(.) by extension 'colcon_pkg'
[0.402s] Level 1:colcon.colcon_core.package_identification:_identify(.) by extensions ['colcon_meta']
[0.402s] Level 1:colcon.colcon_core.package_identification:_identify(.) by extension 'colcon_meta'
[0.402s] Level 1:colcon.colcon_core.package_identification:_identify(.) by extensions ['ros']
[0.402s] Level 1:colcon.colcon_core.package_identification:_identify(.) by extension 'ros'
[0.415s] Level 1:colcon.colcon_core.package_identification:_identify(.) by extensions ['cmake', 'python']
[0.415s] Level 1:colcon.colcon_core.package_identification:_identify(.) by extension 'cmake'
[0.415s] Level 1:colcon.colcon_core.package_identification:_identify(.) by extension 'python'
[0.415s] Level 1:colcon.colcon_core.package_identification:_identify(.) by extensions ['python_setup_py']
[0.415s] Level 1:colcon.colcon_core.package_identification:_identify(.) by extension 'python_setup_py'
[0.415s] Level 1:colcon.colcon_core.package_identification:_identify(build) by extensions ['ignore', 'ignore_ament_install']
[0.416s] Level 1:colcon.colcon_core.package_identification:_identify(build) by extension 'ignore'
[0.416s] Level 1:colcon.colcon_core.package_identification:_identify(build) ignored
[0.416s] Level 1:colcon.colcon_core.package_identification:_identify(install) by extensions ['ignore', 'ignore_ament_install']
[0.416s] Level 1:colcon.colcon_core.package_identification:_identify(install) by extension 'ignore'
[0.416s] Level 1:colcon.colcon_core.package_identification:_identify(install) ignored
[0.416s] Level 1:colcon.colcon_core.package_identification:_identify(log) by extensions ['ignore', 'ignore_ament_install']
[0.416s] Level 1:colcon.colcon_core.package_identification:_identify(log) by extension 'ignore'
[0.416s] Level 1:colcon.colcon_core.package_identification:_identify(log) ignored
[0.416s] Level 1:colcon.colcon_core.package_identification:_identify(logs) by extensions ['ignore', 'ignore_ament_install']
[0.416s] Level 1:colcon.colcon_core.package_identification:_identify(logs) by extension 'ignore'
[0.416s] Level 1:colcon.colcon_core.package_identification:_identify(logs) by extension 'ignore_ament_install'
[0.416s] Level 1:colcon.colcon_core.package_identification:_identify(logs) by extensions ['colcon_pkg']
[0.416s] Level 1:colcon.colcon_core.package_identification:_identify(logs) by extension 'colcon_pkg'
[0.416s] Level 1:colcon.colcon_core.package_identification:_identify(logs) by extensions ['colcon_meta']
[0.416s] Level 1:colcon.colcon_core.package_identification:_identify(logs) by extension 'colcon_meta'
[0.416s] Level 1:colcon.colcon_core.package_identification:_identify(logs) by extensions ['ros']
[0.416s] Level 1:colcon.colcon_core.package_identification:_identify(logs) by extension 'ros'
[0.417s] Level 1:colcon.colcon_core.package_identification:_identify(logs) by extensions ['cmake', 'python']
[0.417s] Level 1:colcon.colcon_core.package_identification:_identify(logs) by extension 'cmake'
[0.417s] Level 1:colcon.colcon_core.package_identification:_identify(logs) by extension 'python'
[0.417s] Level 1:colcon.colcon_core.package_identification:_identify(logs) by extensions ['python_setup_py']
[0.417s] Level 1:colcon.colcon_core.package_identification:_identify(logs) by extension 'python_setup_py'
[0.417s] Level 1:colcon.colcon_core.package_identification:_identify(src) by extensions ['ignore', 'ignore_ament_install']
[0.417s] Level 1:colcon.colcon_core.package_identification:_identify(src) by extension 'ignore'
[0.417s] Level 1:colcon.colcon_core.package_identification:_identify(src) by extension 'ignore_ament_install'
[0.417s] Level 1:colcon.colcon_core.package_identification:_identify(src) by extensions ['colcon_pkg']
[0.417s] Level 1:colcon.colcon_core.package_identification:_identify(src) by extension 'colcon_pkg'
[0.417s] Level 1:colcon.colcon_core.package_identification:_identify(src) by extensions ['colcon_meta']
[0.417s] Level 1:colcon.colcon_core.package_identification:_identify(src) by extension 'colcon_meta'
[0.417s] Level 1:colcon.colcon_core.package_identification:_identify(src) by extensions ['ros']
[0.417s] Level 1:colcon.colcon_core.package_identification:_identify(src) by extension 'ros'
[0.417s] Level 1:colcon.colcon_core.package_identification:_identify(src) by extensions ['cmake', 'python']
[0.417s] Level 1:colcon.colcon_core.package_identification:_identify(src) by extension 'cmake'
[0.417s] Level 1:colcon.colcon_core.package_identification:_identify(src) by extension 'python'
[0.417s] Level 1:colcon.colcon_core.package_identification:_identify(src) by extensions ['python_setup_py']
[0.417s] Level 1:colcon.colcon_core.package_identification:_identify(src) by extension 'python_setup_py'
[0.417s] Level 1:colcon.colcon_core.package_identification:_identify(src/precision_landing) by extensions ['ignore', 'ignore_ament_install']
[0.417s] Level 1:colcon.colcon_core.package_identification:_identify(src/precision_landing) by extension 'ignore'
[0.418s] Level 1:colcon.colcon_core.package_identification:_identify(src/precision_landing) by extension 'ignore_ament_install'
[0.418s] Level 1:colcon.colcon_core.package_identification:_identify(src/precision_landing) by extensions ['colcon_pkg']
[0.418s] Level 1:colcon.colcon_core.package_identification:_identify(src/precision_landing) by extension 'colcon_pkg'
[0.418s] Level 1:colcon.colcon_core.package_identification:_identify(src/precision_landing) by extensions ['colcon_meta']
[0.418s] Level 1:colcon.colcon_core.package_identification:_identify(src/precision_landing) by extension 'colcon_meta'
[0.418s] Level 1:colcon.colcon_core.package_identification:_identify(src/precision_landing) by extensions ['ros']
[0.418s] Level 1:colcon.colcon_core.package_identification:_identify(src/precision_landing) by extension 'ros'
[0.421s] DEBUG:colcon.colcon_core.package_identification:Package 'src/precision_landing' with type 'ros.ament_python' and name 'precision_landing'
[0.421s] Level 1:colcon.colcon_core.package_identification:_identify(src/uav_cloud_bridge) by extensions ['ignore', 'ignore_ament_install']
[0.421s] Level 1:colcon.colcon_core.package_identification:_identify(src/uav_cloud_bridge) by extension 'ignore'
[0.421s] Level 1:colcon.colcon_core.package_identification:_identify(src/uav_cloud_bridge) by extension 'ignore_ament_install'
[0.422s] Level 1:colcon.colcon_core.package_identification:_identify(src/uav_cloud_bridge) by extensions ['colcon_pkg']
[0.422s] Level 1:colcon.colcon_core.package_identification:_identify(src/uav_cloud_bridge) by extension 'colcon_pkg'
[0.422s] Level 1:colcon.colcon_core.package_identification:_identify(src/uav_cloud_bridge) by extensions ['colcon_meta']
[0.422s] Level 1:colcon.colcon_core.package_identification:_identify(src/uav_cloud_bridge) by extension 'colcon_meta'
[0.422s] Level 1:colcon.colcon_core.package_identification:_identify(src/uav_cloud_bridge) by extensions ['ros']
[0.422s] Level 1:colcon.colcon_core.package_identification:_identify(src/uav_cloud_bridge) by extension 'ros'
[0.423s] DEBUG:colcon.colcon_core.package_identification:Package 'src/uav_cloud_bridge' with type 'ros.ament_python' and name 'uav_cloud_bridge'
[0.423s] Level 1:colcon.colcon_core.package_identification:_identify(src/vio_slam_bridge) by extensions ['ignore', 'ignore_ament_install']
[0.423s] Level 1:colcon.colcon_core.package_identification:_identify(src/vio_slam_bridge) by extension 'ignore'
[0.423s] Level 1:colcon.colcon_core.package_identification:_identify(src/vio_slam_bridge) by extension 'ignore_ament_install'
[0.423s] Level 1:colcon.colcon_core.package_identification:_identify(src/vio_slam_bridge) by extensions ['colcon_pkg']
[0.423s] Level 1:colcon.colcon_core.package_identification:_identify(src/vio_slam_bridge) by extension 'colcon_pkg'
[0.423s] Level 1:colcon.colcon_core.package_identification:_identify(src/vio_slam_bridge) by extensions ['colcon_meta']
[0.423s] Level 1:colcon.colcon_core.package_identification:_identify(src/vio_slam_bridge) by extension 'colcon_meta'
[0.423s] Level 1:colcon.colcon_core.package_identification:_identify(src/vio_slam_bridge) by extensions ['ros']
[0.423s] Level 1:colcon.colcon_core.package_identification:_identify(src/vio_slam_bridge) by extension 'ros'
[0.424s] DEBUG:colcon.colcon_core.package_identification:Package 'src/vio_slam_bridge' with type 'ros.ament_cmake' and name 'vio_slam_bridge'
[0.424s] Level 1:colcon.colcon_core.package_discovery:discover_packages(recursive) using defaults
[0.424s] Level 1:colcon.colcon_core.package_discovery:discover_packages(ignore) discover
[0.424s] Level 1:colcon.colcon_core.package_discovery:discover_packages(ignore) using defaults
[0.424s] Level 1:colcon.colcon_core.package_discovery:discover_packages(path) discover
[0.424s] Level 1:colcon.colcon_core.package_discovery:discover_packages(path) using defaults
[0.459s] INFO:colcon.colcon_core.package_selection:Skipping not selected package 'precision_landing' in 'src/precision_landing'
[0.459s] INFO:colcon.colcon_core.package_selection:Skipping not selected package 'uav_cloud_bridge' in 'src/uav_cloud_bridge'
[0.459s] Level 1:colcon.colcon_core.package_discovery:discover_packages(prefix_path) check parameters
[0.459s] Level 1:colcon.colcon_core.package_discovery:discover_packages(prefix_path) discover
[0.461s] DEBUG:colcon.colcon_installed_package_information.package_discovery:Found 3 installed packages in /home/huyen/drone_project/ros2_ws/install
[0.463s] DEBUG:colcon.colcon_installed_package_information.package_discovery:Found 280 installed packages in /opt/ros/humble
[0.464s] Level 1:colcon.colcon_core.package_discovery:discover_packages(prefix_path) using defaults
[0.511s] Level 5:colcon.colcon_core.verb:set package 'vio_slam_bridge' build argument 'cmake_args' from command line to 'None'
[0.511s] Level 5:colcon.colcon_core.verb:set package 'vio_slam_bridge' build argument 'cmake_target' from command line to 'None'
[0.511s] Level 5:colcon.colcon_core.verb:set package 'vio_slam_bridge' build argument 'cmake_target_skip_unavailable' from command line to 'False'
[0.511s] Level 5:colcon.colcon_core.verb:set package 'vio_slam_bridge' build argument 'cmake_clean_cache' from command line to 'False'
[0.511s] Level 5:colcon.colcon_core.verb:set package 'vio_slam_bridge' build argument 'cmake_clean_first' from command line to 'False'
[0.511s] Level 5:colcon.colcon_core.verb:set package 'vio_slam_bridge' build argument 'cmake_force_configure' from command line to 'False'
[0.511s] Level 5:colcon.colcon_core.verb:set package 'vio_slam_bridge' build argument 'ament_cmake_args' from command line to 'None'
[0.511s] Level 5:colcon.colcon_core.verb:set package 'vio_slam_bridge' build argument 'catkin_cmake_args' from command line to 'None'
[0.511s] Level 5:colcon.colcon_core.verb:set package 'vio_slam_bridge' build argument 'catkin_skip_building_tests' from command line to 'False'
[0.511s] DEBUG:colcon.colcon_core.verb:Building package 'vio_slam_bridge' with the following arguments: {'ament_cmake_args': None, 'build_base': '/home/huyen/drone_project/ros2_ws/build/vio_slam_bridge', 'catkin_cmake_args': None, 'catkin_skip_building_tests': False, 'cmake_args': None, 'cmake_clean_cache': False, 'cmake_clean_first': False, 'cmake_force_configure': False, 'cmake_target': None, 'cmake_target_skip_unavailable': False, 'install_base': '/home/huyen/drone_project/ros2_ws/install/vio_slam_bridge', 'merge_install': False, 'path': '/home/huyen/drone_project/ros2_ws/src/vio_slam_bridge', 'symlink_install': False, 'test_result_base': None}
[0.511s] INFO:colcon.colcon_core.executor:Executing jobs using 'parallel' executor
[0.513s] DEBUG:colcon.colcon_parallel_executor.executor.parallel:run_until_complete
[0.513s] INFO:colcon.colcon_ros.task.ament_cmake.build:Building ROS package in '/home/huyen/drone_project/ros2_ws/src/vio_slam_bridge' with build type 'ament_cmake'
[0.513s] INFO:colcon.colcon_cmake.task.cmake.build:Building CMake package in '/home/huyen/drone_project/ros2_ws/src/vio_slam_bridge'
[0.516s] INFO:colcon.colcon_core.plugin_system:Skipping extension 'colcon_core.shell.bat': Not used on non-Windows systems
[0.516s] INFO:colcon.colcon_core.shell:Skip shell extension 'powershell' for command environment: Not usable outside of PowerShell
[0.517s] DEBUG:colcon.colcon_core.shell:Skip shell extension 'dsv' for command environment
[0.531s] DEBUG:colcon.colcon_core.event_handler.log_command:Invoking command in '/home/huyen/drone_project/ros2_ws/build/vio_slam_bridge': CMAKE_PREFIX_PATH=/home/huyen/drone_project/ros2_ws/install/uav_cloud_bridge:/home/huyen/drone_project/ros2_ws/install/precision_landing:/opt/ros/humble PS1=\[\e]0;\u@\h: \w\a\]${debian_chroot:+($debian_chroot)}\[\033[01;32m\]\u@\h\[\033[00m\]:\[\033[01;34m\]\w\[\033[00m\]\$ /usr/bin/cmake --build /home/huyen/drone_project/ros2_ws/build/vio_slam_bridge -- -j6 -l6
[25.851s] DEBUG:colcon.colcon_core.event_handler.log_command:Invoked command in '/home/huyen/drone_project/ros2_ws/build/vio_slam_bridge' returned '0': CMAKE_PREFIX_PATH=/home/huyen/drone_project/ros2_ws/install/uav_cloud_bridge:/home/huyen/drone_project/ros2_ws/install/precision_landing:/opt/ros/humble PS1=\[\e]0;\u@\h: \w\a\]${debian_chroot:+($debian_chroot)}\[\033[01;32m\]\u@\h\[\033[00m\]:\[\033[01;34m\]\w\[\033[00m\]\$ /usr/bin/cmake --build /home/huyen/drone_project/ros2_ws/build/vio_slam_bridge -- -j6 -l6
[25.864s] DEBUG:colcon.colcon_core.event_handler.log_command:Invoking command in '/home/huyen/drone_project/ros2_ws/build/vio_slam_bridge': CMAKE_PREFIX_PATH=/home/huyen/drone_project/ros2_ws/install/uav_cloud_bridge:/home/huyen/drone_project/ros2_ws/install/precision_landing:/opt/ros/humble PS1=\[\e]0;\u@\h: \w\a\]${debian_chroot:+($debian_chroot)}\[\033[01;32m\]\u@\h\[\033[00m\]:\[\033[01;34m\]\w\[\033[00m\]\$ /usr/bin/cmake --install /home/huyen/drone_project/ros2_ws/build/vio_slam_bridge
[25.886s] Level 1:colcon.colcon_core.environment:create_environment_scripts_only(vio_slam_bridge)
[25.888s] DEBUG:colcon.colcon_core.event_handler.log_command:Invoked command in '/home/huyen/drone_project/ros2_ws/build/vio_slam_bridge' returned '0': CMAKE_PREFIX_PATH=/home/huyen/drone_project/ros2_ws/install/uav_cloud_bridge:/home/huyen/drone_project/ros2_ws/install/precision_landing:/opt/ros/humble PS1=\[\e]0;\u@\h: \w\a\]${debian_chroot:+($debian_chroot)}\[\033[01;32m\]\u@\h\[\033[00m\]:\[\033[01;34m\]\w\[\033[00m\]\$ /usr/bin/cmake --install /home/huyen/drone_project/ros2_ws/build/vio_slam_bridge
[25.891s] Level 1:colcon.colcon_core.environment:checking '/home/huyen/drone_project/ros2_ws/install/vio_slam_bridge' for CMake module files
[25.892s] Level 1:colcon.colcon_core.environment:checking '/home/huyen/drone_project/ros2_ws/install/vio_slam_bridge' for CMake config files
[25.892s] Level 1:colcon.colcon_core.shell:create_environment_hook('vio_slam_bridge', 'cmake_prefix_path')
[25.893s] INFO:colcon.colcon_core.shell:Creating environment hook '/home/huyen/drone_project/ros2_ws/install/vio_slam_bridge/share/vio_slam_bridge/hook/cmake_prefix_path.ps1'
[25.895s] INFO:colcon.colcon_core.shell:Creating environment descriptor '/home/huyen/drone_project/ros2_ws/install/vio_slam_bridge/share/vio_slam_bridge/hook/cmake_prefix_path.dsv'
[25.898s] INFO:colcon.colcon_core.shell:Creating environment hook '/home/huyen/drone_project/ros2_ws/install/vio_slam_bridge/share/vio_slam_bridge/hook/cmake_prefix_path.sh'
[25.900s] Level 1:colcon.colcon_core.environment:checking '/home/huyen/drone_project/ros2_ws/install/vio_slam_bridge/lib'
[25.900s] Level 1:colcon.colcon_core.environment:checking '/home/huyen/drone_project/ros2_ws/install/vio_slam_bridge/bin'
[25.900s] Level 1:colcon.colcon_core.environment:checking '/home/huyen/drone_project/ros2_ws/install/vio_slam_bridge/lib/pkgconfig/vio_slam_bridge.pc'
[25.900s] Level 1:colcon.colcon_core.environment:checking '/home/huyen/drone_project/ros2_ws/install/vio_slam_bridge/lib/python3.10/site-packages'
[25.901s] Level 1:colcon.colcon_core.environment:checking '/home/huyen/drone_project/ros2_ws/install/vio_slam_bridge/bin'
[25.901s] INFO:colcon.colcon_core.shell:Creating package script '/home/huyen/drone_project/ros2_ws/install/vio_slam_bridge/share/vio_slam_bridge/package.ps1'
[25.902s] INFO:colcon.colcon_core.shell:Creating package descriptor '/home/huyen/drone_project/ros2_ws/install/vio_slam_bridge/share/vio_slam_bridge/package.dsv'
[25.903s] INFO:colcon.colcon_core.shell:Creating package script '/home/huyen/drone_project/ros2_ws/install/vio_slam_bridge/share/vio_slam_bridge/package.sh'
[25.904s] INFO:colcon.colcon_core.shell:Creating package script '/home/huyen/drone_project/ros2_ws/install/vio_slam_bridge/share/vio_slam_bridge/package.bash'
[25.905s] INFO:colcon.colcon_core.shell:Creating package script '/home/huyen/drone_project/ros2_ws/install/vio_slam_bridge/share/vio_slam_bridge/package.zsh'
[25.906s] Level 1:colcon.colcon_core.environment:create_file_with_runtime_dependencies(/home/huyen/drone_project/ros2_ws/install/vio_slam_bridge/share/colcon-core/packages/vio_slam_bridge)
[25.907s] Level 1:colcon.colcon_core.environment:create_environment_scripts_only(vio_slam_bridge)
[25.907s] Level 1:colcon.colcon_core.environment:checking '/home/huyen/drone_project/ros2_ws/install/vio_slam_bridge' for CMake module files
[25.908s] Level 1:colcon.colcon_core.environment:checking '/home/huyen/drone_project/ros2_ws/install/vio_slam_bridge' for CMake config files
[25.908s] Level 1:colcon.colcon_core.shell:create_environment_hook('vio_slam_bridge', 'cmake_prefix_path')
[25.908s] INFO:colcon.colcon_core.shell:Creating environment hook '/home/huyen/drone_project/ros2_ws/install/vio_slam_bridge/share/vio_slam_bridge/hook/cmake_prefix_path.ps1'
[25.909s] INFO:colcon.colcon_core.shell:Creating environment descriptor '/home/huyen/drone_project/ros2_ws/install/vio_slam_bridge/share/vio_slam_bridge/hook/cmake_prefix_path.dsv'
[25.909s] INFO:colcon.colcon_core.shell:Creating environment hook '/home/huyen/drone_project/ros2_ws/install/vio_slam_bridge/share/vio_slam_bridge/hook/cmake_prefix_path.sh'
[25.910s] Level 1:colcon.colcon_core.environment:checking '/home/huyen/drone_project/ros2_ws/install/vio_slam_bridge/lib'
[25.910s] Level 1:colcon.colcon_core.environment:checking '/home/huyen/drone_project/ros2_ws/install/vio_slam_bridge/bin'
[25.910s] Level 1:colcon.colcon_core.environment:checking '/home/huyen/drone_project/ros2_ws/install/vio_slam_bridge/lib/pkgconfig/vio_slam_bridge.pc'
[25.910s] Level 1:colcon.colcon_core.environment:checking '/home/huyen/drone_project/ros2_ws/install/vio_slam_bridge/lib/python3.10/site-packages'
[25.911s] Level 1:colcon.colcon_core.environment:checking '/home/huyen/drone_project/ros2_ws/install/vio_slam_bridge/bin'
[25.911s] INFO:colcon.colcon_core.shell:Creating package script '/home/huyen/drone_project/ros2_ws/install/vio_slam_bridge/share/vio_slam_bridge/package.ps1'
[25.912s] INFO:colcon.colcon_core.shell:Creating package descriptor '/home/huyen/drone_project/ros2_ws/install/vio_slam_bridge/share/vio_slam_bridge/package.dsv'
[25.912s] INFO:colcon.colcon_core.shell:Creating package script '/home/huyen/drone_project/ros2_ws/install/vio_slam_bridge/share/vio_slam_bridge/package.sh'
[25.913s] INFO:colcon.colcon_core.shell:Creating package script '/home/huyen/drone_project/ros2_ws/install/vio_slam_bridge/share/vio_slam_bridge/package.bash'
[25.913s] INFO:colcon.colcon_core.shell:Creating package script '/home/huyen/drone_project/ros2_ws/install/vio_slam_bridge/share/vio_slam_bridge/package.zsh'
[25.914s] Level 1:colcon.colcon_core.environment:create_file_with_runtime_dependencies(/home/huyen/drone_project/ros2_ws/install/vio_slam_bridge/share/colcon-core/packages/vio_slam_bridge)
[25.914s] DEBUG:colcon.colcon_parallel_executor.executor.parallel:closing loop
[25.914s] DEBUG:colcon.colcon_parallel_executor.executor.parallel:loop closed
[25.914s] DEBUG:colcon.colcon_parallel_executor.executor.parallel:run_until_complete finished with '0'
[25.915s] DEBUG:colcon.colcon_core.event_reactor:joining thread
[25.973s] INFO:colcon.colcon_core.plugin_system:Skipping extension 'colcon_notification.desktop_notification.notify_send': Could not find 'notify-send'
[25.973s] INFO:colcon.colcon_core.plugin_system:Skipping extension 'colcon_notification.desktop_notification.terminal_notifier': Not used on non-Darwin systems
[25.973s] INFO:colcon.colcon_core.plugin_system:Skipping extension 'colcon_notification.desktop_notification.win32': Not used on non-Windows systems
[25.973s] INFO:colcon.colcon_notification.desktop_notification:Sending desktop notification using 'notify2'
[25.973s] DEBUG:colcon.colcon_notification.desktop_notification.notify2:Failed to initialize notify2: org.freedesktop.DBus.Error.FileNotFound: Failed to connect to socket /run/user/1000/bus: No such file or directory
[25.973s] DEBUG:colcon.colcon_core.event_reactor:joined thread
[25.974s] INFO:colcon.colcon_core.shell:Creating prefix script '/home/huyen/drone_project/ros2_ws/install/local_setup.ps1'
[25.975s] INFO:colcon.colcon_core.shell:Creating prefix util module '/home/huyen/drone_project/ros2_ws/install/_local_setup_util_ps1.py'
[25.976s] INFO:colcon.colcon_core.shell:Creating prefix chain script '/home/huyen/drone_project/ros2_ws/install/setup.ps1'
[25.977s] INFO:colcon.colcon_core.shell:Creating prefix script '/home/huyen/drone_project/ros2_ws/install/local_setup.sh'
[25.978s] INFO:colcon.colcon_core.shell:Creating prefix util module '/home/huyen/drone_project/ros2_ws/install/_local_setup_util_sh.py'
[25.978s] INFO:colcon.colcon_core.shell:Creating prefix chain script '/home/huyen/drone_project/ros2_ws/install/setup.sh'
[25.980s] INFO:colcon.colcon_core.shell:Creating prefix script '/home/huyen/drone_project/ros2_ws/install/local_setup.bash'
[25.980s] INFO:colcon.colcon_core.shell:Creating prefix chain script '/home/huyen/drone_project/ros2_ws/install/setup.bash'
[25.981s] INFO:colcon.colcon_core.shell:Creating prefix script '/home/huyen/drone_project/ros2_ws/install/local_setup.zsh'
[25.981s] INFO:colcon.colcon_core.shell:Creating prefix chain script '/home/huyen/drone_project/ros2_ws/install/setup.zsh'
