[2.284s] Invoking command in '/home/huyen/drone_project/ros2_ws/src/precision_landing': PYTHONPATH=/home/huyen/drone_project/ros2_ws/build/precision_landing/prefix_override:/usr/lib/python3/dist-packages/colcon_core/task/python/colcon_distutils_commands:/home/huyen/drone_project/ros2_ws/install/precision_landing/lib/python3.10/site-packages:${PYTHONPATH} /usr/bin/python3 -W ignore:setup.py install is deprecated -W ignore:easy_install command is deprecated setup.py egg_info --egg-base ../../build/precision_landing build --build-base /home/huyen/drone_project/ros2_ws/build/precision_landing/build install --record /home/huyen/drone_project/ros2_ws/build/precision_landing/install.log --install-scripts $base/lib/precision_landing --single-version-externally-managed install_data
[3.206s] running egg_info
[3.208s] writing ../../build/precision_landing/precision_landing.egg-info/PKG-INFO
[3.214s] writing dependency_links to ../../build/precision_landing/precision_landing.egg-info/dependency_links.txt
[3.214s] writing entry points to ../../build/precision_landing/precision_landing.egg-info/entry_points.txt
[3.214s] writing requirements to ../../build/precision_landing/precision_landing.egg-info/requires.txt
[3.215s] writing top-level names to ../../build/precision_landing/precision_landing.egg-info/top_level.txt
[3.219s] reading manifest file '../../build/precision_landing/precision_landing.egg-info/SOURCES.txt'
[3.226s] writing manifest file '../../build/precision_landing/precision_landing.egg-info/SOURCES.txt'
[3.227s] running build
[3.228s] running build_py
[3.229s] copying precision_landing/gps_vio_switching_node.py -> /home/huyen/drone_project/ros2_ws/build/precision_landing/build/lib/precision_landing
[3.229s] running install
[3.229s] running install_lib
[3.229s] copying /home/huyen/drone_project/ros2_ws/build/precision_landing/build/lib/precision_landing/gps_vio_switching_node.py -> /home/huyen/drone_project/ros2_ws/install/precision_landing/lib/python3.10/site-packages/precision_landing
[3.231s] byte-compiling /home/huyen/drone_project/ros2_ws/install/precision_landing/lib/python3.10/site-packages/precision_landing/gps_vio_switching_node.py to gps_vio_switching_node.cpython-310.pyc
[3.236s] running install_data
[3.236s] running install_egg_info
[3.245s] removing '/home/huyen/drone_project/ros2_ws/install/precision_landing/lib/python3.10/site-packages/precision_landing-0.0.0-py3.10.egg-info' (and everything under it)
[3.247s] Copying ../../build/precision_landing/precision_landing.egg-info to /home/huyen/drone_project/ros2_ws/install/precision_landing/lib/python3.10/site-packages/precision_landing-0.0.0-py3.10.egg-info
[3.251s] running install_scripts
[3.331s] Installing aruco_detector_node script to /home/huyen/drone_project/ros2_ws/install/precision_landing/lib/precision_landing
[3.332s] Installing camera_reader_node script to /home/huyen/drone_project/ros2_ws/install/precision_landing/lib/precision_landing
[3.333s] Installing gps_vio_switching_node script to /home/huyen/drone_project/ros2_ws/install/precision_landing/lib/precision_landing
[3.333s] Installing landing_controller_node script to /home/huyen/drone_project/ros2_ws/install/precision_landing/lib/precision_landing
[3.335s] Installing mock_marker_publisher script to /home/huyen/drone_project/ros2_ws/install/precision_landing/lib/precision_landing
[3.335s] writing list of installed files to '/home/huyen/drone_project/ros2_ws/build/precision_landing/install.log'
[3.413s] Invoked command in '/home/huyen/drone_project/ros2_ws/src/precision_landing' returned '0': PYTHONPATH=/home/huyen/drone_project/ros2_ws/build/precision_landing/prefix_override:/usr/lib/python3/dist-packages/colcon_core/task/python/colcon_distutils_commands:/home/huyen/drone_project/ros2_ws/install/precision_landing/lib/python3.10/site-packages:${PYTHONPATH} /usr/bin/python3 -W ignore:setup.py install is deprecated -W ignore:easy_install command is deprecated setup.py egg_info --egg-base ../../build/precision_landing build --build-base /home/huyen/drone_project/ros2_ws/build/precision_landing/build install --record /home/huyen/drone_project/ros2_ws/build/precision_landing/install.log --install-scripts $base/lib/precision_landing --single-version-externally-managed install_data
