[1.913s] Invoking command in '/home/huyen/drone_project/ros2_ws/src/precision_landing': PYTHONPATH=/home/huyen/drone_project/ros2_ws/build/precision_landing/prefix_override:/usr/lib/python3/dist-packages/colcon_core/task/python/colcon_distutils_commands:/home/huyen/drone_project/ros2_ws/install/precision_landing/lib/python3.10/site-packages:${PYTHONPATH} /usr/bin/python3 -W ignore:setup.py install is deprecated -W ignore:easy_install command is deprecated setup.py egg_info --egg-base ../../build/precision_landing build --build-base /home/huyen/drone_project/ros2_ws/build/precision_landing/build install --record /home/huyen/drone_project/ros2_ws/build/precision_landing/install.log --install-scripts $base/lib/precision_landing --single-version-externally-managed install_data
[2.694s] running egg_info
[2.695s] writing ../../build/precision_landing/precision_landing.egg-info/PKG-INFO
[2.695s] writing dependency_links to ../../build/precision_landing/precision_landing.egg-info/dependency_links.txt
[2.696s] writing entry points to ../../build/precision_landing/precision_landing.egg-info/entry_points.txt
[2.696s] writing requirements to ../../build/precision_landing/precision_landing.egg-info/requires.txt
[2.697s] writing top-level names to ../../build/precision_landing/precision_landing.egg-info/top_level.txt
[2.702s] reading manifest file '../../build/precision_landing/precision_landing.egg-info/SOURCES.txt'
[2.706s] writing manifest file '../../build/precision_landing/precision_landing.egg-info/SOURCES.txt'
[2.706s] running build
[2.706s] running build_py
[2.707s] running install
[2.708s] running install_lib
[2.715s] running install_data
[2.715s] running install_egg_info
[2.719s] removing '/home/huyen/drone_project/ros2_ws/install/precision_landing/lib/python3.10/site-packages/precision_landing-0.0.0-py3.10.egg-info' (and everything under it)
[2.720s] Copying ../../build/precision_landing/precision_landing.egg-info to /home/huyen/drone_project/ros2_ws/install/precision_landing/lib/python3.10/site-packages/precision_landing-0.0.0-py3.10.egg-info
[2.724s] running install_scripts
[2.791s] Installing aruco_detector_node script to /home/huyen/drone_project/ros2_ws/install/precision_landing/lib/precision_landing
[2.791s] Installing camera_reader_node script to /home/huyen/drone_project/ros2_ws/install/precision_landing/lib/precision_landing
[2.791s] Installing gps_vio_switching_node script to /home/huyen/drone_project/ros2_ws/install/precision_landing/lib/precision_landing
[2.792s] Installing landing_controller_node script to /home/huyen/drone_project/ros2_ws/install/precision_landing/lib/precision_landing
[2.794s] Installing mock_marker_publisher script to /home/huyen/drone_project/ros2_ws/install/precision_landing/lib/precision_landing
[2.795s] writing list of installed files to '/home/huyen/drone_project/ros2_ws/build/precision_landing/install.log'
[2.858s] Invoked command in '/home/huyen/drone_project/ros2_ws/src/precision_landing' returned '0': PYTHONPATH=/home/huyen/drone_project/ros2_ws/build/precision_landing/prefix_override:/usr/lib/python3/dist-packages/colcon_core/task/python/colcon_distutils_commands:/home/huyen/drone_project/ros2_ws/install/precision_landing/lib/python3.10/site-packages:${PYTHONPATH} /usr/bin/python3 -W ignore:setup.py install is deprecated -W ignore:easy_install command is deprecated setup.py egg_info --egg-base ../../build/precision_landing build --build-base /home/huyen/drone_project/ros2_ws/build/precision_landing/build install --record /home/huyen/drone_project/ros2_ws/build/precision_landing/install.log --install-scripts $base/lib/precision_landing --single-version-externally-managed install_data
