[0.190s] DEBUG:colcon:Command line arguments: ['/usr/bin/colcon', 'build', '--packages-select', 'precision_landing']
[0.190s] DEBUG:colcon:Parsed command line arguments: Namespace(log_base=None, log_level=None, verb_name='build', build_base='build', install_base='install', merge_install=False, symlink_install=False, test_result_base=None, continue_on_error=False, executor='parallel', parallel_workers=6, event_handlers=None, ignore_user_meta=False, metas=['./colcon.meta'], base_paths=['.'], packages_ignore=None, packages_ignore_regex=None, paths=None, packages_up_to=None, packages_up_to_regex=None, packages_above=None, packages_above_and_dependencies=None, packages_above_depth=None, packages_select_by_dep=None, packages_skip_by_dep=None, packages_skip_up_to=None, packages_select_build_failed=False, packages_skip_build_finished=False, packages_select_test_failures=False, packages_skip_test_passed=False, packages_select=['precision_landing'], packages_skip=None, packages_select_regex=None, packages_skip_regex=None, packages_start=None, packages_end=None, allow_overriding=[], cmake_args=None, cmake_target=None, cmake_target_skip_unavailable=False, cmake_clean_cache=False, cmake_clean_first=False, cmake_force_configure=False, ament_cmake_args=None, catkin_cmake_args=None, catkin_skip_building_tests=False, verb_parser=<colcon_defaults.argument_parser.defaults.DefaultArgumentsDecorator object at 0x7384c0d68f40>, verb_extension=<colcon_core.verb.build.BuildVerb object at 0x7384c0e6a620>, main=<bound method BuildVerb.main of <colcon_core.verb.build.BuildVerb object at 0x7384c0e6a620>>)
[0.366s] Level 1:colcon.colcon_core.package_discovery:discover_packages(colcon_meta) check parameters
[0.367s] Level 1:colcon.colcon_core.package_discovery:discover_packages(recursive) check parameters
[0.367s] Level 1:colcon.colcon_core.package_discovery:discover_packages(ignore) check parameters
[0.367s] Level 1:colcon.colcon_core.package_discovery:discover_packages(path) check parameters
[0.367s] Level 1:colcon.colcon_core.package_discovery:discover_packages(colcon_meta) discover
[0.367s] Level 1:colcon.colcon_core.package_discovery:discover_packages(recursive) discover
[0.367s] INFO:colcon.colcon_core.package_discovery:Crawling recursively for packages in '/home/huyen/drone_project/ros2_ws'
[0.367s] Level 1:colcon.colcon_core.package_identification:_identify(.) by extensions ['ignore', 'ignore_ament_install']
[0.367s] Level 1:colcon.colcon_core.package_identification:_identify(.) by extension 'ignore'
[0.367s] Level 1:colcon.colcon_core.package_identification:_identify(.) by extension 'ignore_ament_install'
[0.367s] Level 1:colcon.colcon_core.package_identification:_identify(.) by extensions ['colcon_pkg']
[0.367s] Level 1:colcon.colcon_core.package_identification:_identify(.) by extension 'colcon_pkg'
[0.367s] Level 1:colcon.colcon_core.package_identification:_identify(.) by extensions ['colcon_meta']
[0.367s] Level 1:colcon.colcon_core.package_identification:_identify(.) by extension 'colcon_meta'
[0.367s] Level 1:colcon.colcon_core.package_identification:_identify(.) by extensions ['ros']
[0.367s] Level 1:colcon.colcon_core.package_identification:_identify(.) by extension 'ros'
[0.379s] Level 1:colcon.colcon_core.package_identification:_identify(.) by extensions ['cmake', 'python']
[0.379s] Level 1:colcon.colcon_core.package_identification:_identify(.) by extension 'cmake'
[0.379s] Level 1:colcon.colcon_core.package_identification:_identify(.) by extension 'python'
[0.379s] Level 1:colcon.colcon_core.package_identification:_identify(.) by extensions ['python_setup_py']
[0.379s] Level 1:colcon.colcon_core.package_identification:_identify(.) by extension 'python_setup_py'
[0.379s] Level 1:colcon.colcon_core.package_identification:_identify(build) by extensions ['ignore', 'ignore_ament_install']
[0.379s] Level 1:colcon.colcon_core.package_identification:_identify(build) by extension 'ignore'
[0.379s] Level 1:colcon.colcon_core.package_identification:_identify(build) ignored
[0.379s] Level 1:colcon.colcon_core.package_identification:_identify(install) by extensions ['ignore', 'ignore_ament_install']
[0.379s] Level 1:colcon.colcon_core.package_identification:_identify(install) by extension 'ignore'
[0.379s] Level 1:colcon.colcon_core.package_identification:_identify(install) ignored
[0.380s] Level 1:colcon.colcon_core.package_identification:_identify(log) by extensions ['ignore', 'ignore_ament_install']
[0.380s] Level 1:colcon.colcon_core.package_identification:_identify(log) by extension 'ignore'
[0.380s] Level 1:colcon.colcon_core.package_identification:_identify(log) ignored
[0.380s] Level 1:colcon.colcon_core.package_identification:_identify(logs) by extensions ['ignore', 'ignore_ament_install']
[0.380s] Level 1:colcon.colcon_core.package_identification:_identify(logs) by extension 'ignore'
[0.380s] Level 1:colcon.colcon_core.package_identification:_identify(logs) by extension 'ignore_ament_install'
[0.380s] Level 1:colcon.colcon_core.package_identification:_identify(logs) by extensions ['colcon_pkg']
[0.380s] Level 1:colcon.colcon_core.package_identification:_identify(logs) by extension 'colcon_pkg'
[0.380s] Level 1:colcon.colcon_core.package_identification:_identify(logs) by extensions ['colcon_meta']
[0.380s] Level 1:colcon.colcon_core.package_identification:_identify(logs) by extension 'colcon_meta'
[0.380s] Level 1:colcon.colcon_core.package_identification:_identify(logs) by extensions ['ros']
[0.380s] Level 1:colcon.colcon_core.package_identification:_identify(logs) by extension 'ros'
[0.380s] Level 1:colcon.colcon_core.package_identification:_identify(logs) by extensions ['cmake', 'python']
[0.380s] Level 1:colcon.colcon_core.package_identification:_identify(logs) by extension 'cmake'
[0.380s] Level 1:colcon.colcon_core.package_identification:_identify(logs) by extension 'python'
[0.380s] Level 1:colcon.colcon_core.package_identification:_identify(logs) by extensions ['python_setup_py']
[0.380s] Level 1:colcon.colcon_core.package_identification:_identify(logs) by extension 'python_setup_py'
[0.380s] Level 1:colcon.colcon_core.package_identification:_identify(src) by extensions ['ignore', 'ignore_ament_install']
[0.381s] Level 1:colcon.colcon_core.package_identification:_identify(src) by extension 'ignore'
[0.381s] Level 1:colcon.colcon_core.package_identification:_identify(src) by extension 'ignore_ament_install'
[0.381s] Level 1:colcon.colcon_core.package_identification:_identify(src) by extensions ['colcon_pkg']
[0.381s] Level 1:colcon.colcon_core.package_identification:_identify(src) by extension 'colcon_pkg'
[0.381s] Level 1:colcon.colcon_core.package_identification:_identify(src) by extensions ['colcon_meta']
[0.381s] Level 1:colcon.colcon_core.package_identification:_identify(src) by extension 'colcon_meta'
[0.381s] Level 1:colcon.colcon_core.package_identification:_identify(src) by extensions ['ros']
[0.381s] Level 1:colcon.colcon_core.package_identification:_identify(src) by extension 'ros'
[0.381s] Level 1:colcon.colcon_core.package_identification:_identify(src) by extensions ['cmake', 'python']
[0.381s] Level 1:colcon.colcon_core.package_identification:_identify(src) by extension 'cmake'
[0.381s] Level 1:colcon.colcon_core.package_identification:_identify(src) by extension 'python'
[0.381s] Level 1:colcon.colcon_core.package_identification:_identify(src) by extensions ['python_setup_py']
[0.381s] Level 1:colcon.colcon_core.package_identification:_identify(src) by extension 'python_setup_py'
[0.381s] Level 1:colcon.colcon_core.package_identification:_identify(src/precision_landing) by extensions ['ignore', 'ignore_ament_install']
[0.381s] Level 1:colcon.colcon_core.package_identification:_identify(src/precision_landing) by extension 'ignore'
[0.381s] Level 1:colcon.colcon_core.package_identification:_identify(src/precision_landing) by extension 'ignore_ament_install'
[0.381s] Level 1:colcon.colcon_core.package_identification:_identify(src/precision_landing) by extensions ['colcon_pkg']
[0.381s] Level 1:colcon.colcon_core.package_identification:_identify(src/precision_landing) by extension 'colcon_pkg'
[0.381s] Level 1:colcon.colcon_core.package_identification:_identify(src/precision_landing) by extensions ['colcon_meta']
[0.381s] Level 1:colcon.colcon_core.package_identification:_identify(src/precision_landing) by extension 'colcon_meta'
[0.381s] Level 1:colcon.colcon_core.package_identification:_identify(src/precision_landing) by extensions ['ros']
[0.381s] Level 1:colcon.colcon_core.package_identification:_identify(src/precision_landing) by extension 'ros'
[0.384s] DEBUG:colcon.colcon_core.package_identification:Package 'src/precision_landing' with type 'ros.ament_python' and name 'precision_landing'
[0.384s] Level 1:colcon.colcon_core.package_identification:_identify(src/uav_cloud_bridge) by extensions ['ignore', 'ignore_ament_install']
[0.384s] Level 1:colcon.colcon_core.package_identification:_identify(src/uav_cloud_bridge) by extension 'ignore'
[0.384s] Level 1:colcon.colcon_core.package_identification:_identify(src/uav_cloud_bridge) by extension 'ignore_ament_install'
[0.384s] Level 1:colcon.colcon_core.package_identification:_identify(src/uav_cloud_bridge) by extensions ['colcon_pkg']
[0.384s] Level 1:colcon.colcon_core.package_identification:_identify(src/uav_cloud_bridge) by extension 'colcon_pkg'
[0.384s] Level 1:colcon.colcon_core.package_identification:_identify(src/uav_cloud_bridge) by extensions ['colcon_meta']
[0.384s] Level 1:colcon.colcon_core.package_identification:_identify(src/uav_cloud_bridge) by extension 'colcon_meta'
[0.384s] Level 1:colcon.colcon_core.package_identification:_identify(src/uav_cloud_bridge) by extensions ['ros']
[0.384s] Level 1:colcon.colcon_core.package_identification:_identify(src/uav_cloud_bridge) by extension 'ros'
[0.385s] DEBUG:colcon.colcon_core.package_identification:Package 'src/uav_cloud_bridge' with type 'ros.ament_python' and name 'uav_cloud_bridge'
[0.385s] Level 1:colcon.colcon_core.package_identification:_identify(src/vio_slam_bridge) by extensions ['ignore', 'ignore_ament_install']
[0.385s] Level 1:colcon.colcon_core.package_identification:_identify(src/vio_slam_bridge) by extension 'ignore'
[0.386s] Level 1:colcon.colcon_core.package_identification:_identify(src/vio_slam_bridge) by extension 'ignore_ament_install'
[0.386s] Level 1:colcon.colcon_core.package_identification:_identify(src/vio_slam_bridge) by extensions ['colcon_pkg']
[0.386s] Level 1:colcon.colcon_core.package_identification:_identify(src/vio_slam_bridge) by extension 'colcon_pkg'
[0.386s] Level 1:colcon.colcon_core.package_identification:_identify(src/vio_slam_bridge) by extensions ['colcon_meta']
[0.386s] Level 1:colcon.colcon_core.package_identification:_identify(src/vio_slam_bridge) by extension 'colcon_meta'
[0.386s] Level 1:colcon.colcon_core.package_identification:_identify(src/vio_slam_bridge) by extensions ['ros']
[0.386s] Level 1:colcon.colcon_core.package_identification:_identify(src/vio_slam_bridge) by extension 'ros'
[0.387s] DEBUG:colcon.colcon_core.package_identification:Package 'src/vio_slam_bridge' with type 'ros.ament_cmake' and name 'vio_slam_bridge'
[0.387s] Level 1:colcon.colcon_core.package_discovery:discover_packages(recursive) using defaults
[0.387s] Level 1:colcon.colcon_core.package_discovery:discover_packages(ignore) discover
[0.387s] Level 1:colcon.colcon_core.package_discovery:discover_packages(ignore) using defaults
[0.387s] Level 1:colcon.colcon_core.package_discovery:discover_packages(path) discover
[0.387s] Level 1:colcon.colcon_core.package_discovery:discover_packages(path) using defaults
[0.419s] INFO:colcon.colcon_core.package_selection:Skipping not selected package 'uav_cloud_bridge' in 'src/uav_cloud_bridge'
[0.419s] INFO:colcon.colcon_core.package_selection:Skipping not selected package 'vio_slam_bridge' in 'src/vio_slam_bridge'
[0.420s] Level 1:colcon.colcon_core.package_discovery:discover_packages(prefix_path) check parameters
[0.420s] Level 1:colcon.colcon_core.package_discovery:discover_packages(prefix_path) discover
[0.422s] DEBUG:colcon.colcon_installed_package_information.package_discovery:Found 3 installed packages in /home/huyen/drone_project/ros2_ws/install
[0.423s] DEBUG:colcon.colcon_installed_package_information.package_discovery:Found 280 installed packages in /opt/ros/humble
[0.424s] Level 1:colcon.colcon_core.package_discovery:discover_packages(prefix_path) using defaults
[0.464s] Level 5:colcon.colcon_core.verb:set package 'precision_landing' build argument 'cmake_args' from command line to 'None'
[0.464s] Level 5:colcon.colcon_core.verb:set package 'precision_landing' build argument 'cmake_target' from command line to 'None'
[0.464s] Level 5:colcon.colcon_core.verb:set package 'precision_landing' build argument 'cmake_target_skip_unavailable' from command line to 'False'
[0.464s] Level 5:colcon.colcon_core.verb:set package 'precision_landing' build argument 'cmake_clean_cache' from command line to 'False'
[0.464s] Level 5:colcon.colcon_core.verb:set package 'precision_landing' build argument 'cmake_clean_first' from command line to 'False'
[0.464s] Level 5:colcon.colcon_core.verb:set package 'precision_landing' build argument 'cmake_force_configure' from command line to 'False'
[0.464s] Level 5:colcon.colcon_core.verb:set package 'precision_landing' build argument 'ament_cmake_args' from command line to 'None'
[0.464s] Level 5:colcon.colcon_core.verb:set package 'precision_landing' build argument 'catkin_cmake_args' from command line to 'None'
[0.464s] Level 5:colcon.colcon_core.verb:set package 'precision_landing' build argument 'catkin_skip_building_tests' from command line to 'False'
[0.464s] DEBUG:colcon.colcon_core.verb:Building package 'precision_landing' with the following arguments: {'ament_cmake_args': None, 'build_base': '/home/huyen/drone_project/ros2_ws/build/precision_landing', 'catkin_cmake_args': None, 'catkin_skip_building_tests': False, 'cmake_args': None, 'cmake_clean_cache': False, 'cmake_clean_first': False, 'cmake_force_configure': False, 'cmake_target': None, 'cmake_target_skip_unavailable': False, 'install_base': '/home/huyen/drone_project/ros2_ws/install/precision_landing', 'merge_install': False, 'path': '/home/huyen/drone_project/ros2_ws/src/precision_landing', 'symlink_install': False, 'test_result_base': None}
[0.465s] INFO:colcon.colcon_core.executor:Executing jobs using 'parallel' executor
[0.466s] DEBUG:colcon.colcon_parallel_executor.executor.parallel:run_until_complete
[0.466s] INFO:colcon.colcon_ros.task.ament_python.build:Building ROS package in '/home/huyen/drone_project/ros2_ws/src/precision_landing' with build type 'ament_python'
[0.466s] Level 1:colcon.colcon_core.shell:create_environment_hook('precision_landing', 'ament_prefix_path')
[0.470s] INFO:colcon.colcon_core.plugin_system:Skipping extension 'colcon_core.shell.bat': Not used on non-Windows systems
[0.470s] INFO:colcon.colcon_core.shell:Creating environment hook '/home/huyen/drone_project/ros2_ws/install/precision_landing/share/precision_landing/hook/ament_prefix_path.ps1'
[0.471s] INFO:colcon.colcon_core.shell:Creating environment descriptor '/home/huyen/drone_project/ros2_ws/install/precision_landing/share/precision_landing/hook/ament_prefix_path.dsv'
[0.471s] INFO:colcon.colcon_core.shell:Creating environment hook '/home/huyen/drone_project/ros2_ws/install/precision_landing/share/precision_landing/hook/ament_prefix_path.sh'
[0.472s] INFO:colcon.colcon_core.shell:Skip shell extension 'powershell' for command environment: Not usable outside of PowerShell
[0.472s] DEBUG:colcon.colcon_core.shell:Skip shell extension 'dsv' for command environment
[0.765s] INFO:colcon.colcon_core.task.python.build:Building Python package in '/home/huyen/drone_project/ros2_ws/src/precision_landing'
[0.765s] INFO:colcon.colcon_core.shell:Skip shell extension 'powershell' for command environment: Not usable outside of PowerShell
[0.765s] DEBUG:colcon.colcon_core.shell:Skip shell extension 'dsv' for command environment
[1.151s] DEBUG:colcon.colcon_core.task.python.build:Available setuptools commands: bdist_dumb, dist_info, update_catalog, develop, install_egg_info, build_py, rotate, bdist_rpm, symlink_data, check, extract_messages, clean, install, build_ext, upload, saveopts, setopt, init_catalog, test, bdist_egg, install_lib, bdist_wheel, sdist, install_scripts, alias, build, build_clib, build_scripts, easy_install, upload_docs, egg_info, install_headers, install_data, compile_catalog, register, bdist
[1.157s] DEBUG:colcon.colcon_core.event_handler.log_command:Invoking command in '/home/huyen/drone_project/ros2_ws/src/precision_landing': PYTHONPATH=/home/huyen/drone_project/ros2_ws/build/precision_landing/prefix_override:/usr/lib/python3/dist-packages/colcon_core/task/python/colcon_distutils_commands:/home/huyen/drone_project/ros2_ws/install/precision_landing/lib/python3.10/site-packages:${PYTHONPATH} /usr/bin/python3 -W ignore:setup.py install is deprecated -W ignore:easy_install command is deprecated setup.py egg_info --egg-base ../../build/precision_landing build --build-base /home/huyen/drone_project/ros2_ws/build/precision_landing/build install --record /home/huyen/drone_project/ros2_ws/build/precision_landing/install.log --install-scripts $base/lib/precision_landing --single-version-externally-managed install_data
[1.491s] DEBUG:colcon.colcon_core.event_handler.log_command:Invoked command in '/home/huyen/drone_project/ros2_ws/src/precision_landing' returned '0': PYTHONPATH=/home/huyen/drone_project/ros2_ws/build/precision_landing/prefix_override:/usr/lib/python3/dist-packages/colcon_core/task/python/colcon_distutils_commands:/home/huyen/drone_project/ros2_ws/install/precision_landing/lib/python3.10/site-packages:${PYTHONPATH} /usr/bin/python3 -W ignore:setup.py install is deprecated -W ignore:easy_install command is deprecated setup.py egg_info --egg-base ../../build/precision_landing build --build-base /home/huyen/drone_project/ros2_ws/build/precision_landing/build install --record /home/huyen/drone_project/ros2_ws/build/precision_landing/install.log --install-scripts $base/lib/precision_landing --single-version-externally-managed install_data
[1.493s] Level 1:colcon.colcon_core.environment:checking '/home/huyen/drone_project/ros2_ws/install/precision_landing' for CMake module files
[1.494s] Level 1:colcon.colcon_core.environment:checking '/home/huyen/drone_project/ros2_ws/install/precision_landing' for CMake config files
[1.494s] Level 1:colcon.colcon_core.environment:checking '/home/huyen/drone_project/ros2_ws/install/precision_landing/lib'
[1.494s] Level 1:colcon.colcon_core.environment:checking '/home/huyen/drone_project/ros2_ws/install/precision_landing/bin'
[1.495s] Level 1:colcon.colcon_core.environment:checking '/home/huyen/drone_project/ros2_ws/install/precision_landing/lib/pkgconfig/precision_landing.pc'
[1.495s] Level 1:colcon.colcon_core.environment:checking '/home/huyen/drone_project/ros2_ws/install/precision_landing/lib/python3.10/site-packages'
[1.495s] Level 1:colcon.colcon_core.shell:create_environment_hook('precision_landing', 'pythonpath')
[1.495s] INFO:colcon.colcon_core.shell:Creating environment hook '/home/huyen/drone_project/ros2_ws/install/precision_landing/share/precision_landing/hook/pythonpath.ps1'
[1.496s] INFO:colcon.colcon_core.shell:Creating environment descriptor '/home/huyen/drone_project/ros2_ws/install/precision_landing/share/precision_landing/hook/pythonpath.dsv'
[1.496s] INFO:colcon.colcon_core.shell:Creating environment hook '/home/huyen/drone_project/ros2_ws/install/precision_landing/share/precision_landing/hook/pythonpath.sh'
[1.497s] Level 1:colcon.colcon_core.environment:checking '/home/huyen/drone_project/ros2_ws/install/precision_landing/bin'
[1.497s] Level 1:colcon.colcon_core.environment:create_environment_scripts_only(precision_landing)
[1.497s] INFO:colcon.colcon_core.shell:Creating package script '/home/huyen/drone_project/ros2_ws/install/precision_landing/share/precision_landing/package.ps1'
[1.499s] INFO:colcon.colcon_core.shell:Creating package descriptor '/home/huyen/drone_project/ros2_ws/install/precision_landing/share/precision_landing/package.dsv'
[1.499s] INFO:colcon.colcon_core.shell:Creating package script '/home/huyen/drone_project/ros2_ws/install/precision_landing/share/precision_landing/package.sh'
[1.500s] INFO:colcon.colcon_core.shell:Creating package script '/home/huyen/drone_project/ros2_ws/install/precision_landing/share/precision_landing/package.bash'
[1.501s] INFO:colcon.colcon_core.shell:Creating package script '/home/huyen/drone_project/ros2_ws/install/precision_landing/share/precision_landing/package.zsh'
[1.502s] Level 1:colcon.colcon_core.environment:create_file_with_runtime_dependencies(/home/huyen/drone_project/ros2_ws/install/precision_landing/share/colcon-core/packages/precision_landing)
[1.503s] DEBUG:colcon.colcon_parallel_executor.executor.parallel:closing loop
[1.504s] DEBUG:colcon.colcon_parallel_executor.executor.parallel:loop closed
[1.504s] DEBUG:colcon.colcon_parallel_executor.executor.parallel:run_until_complete finished with '0'
[1.504s] DEBUG:colcon.colcon_core.event_reactor:joining thread
[1.555s] INFO:colcon.colcon_core.plugin_system:Skipping extension 'colcon_notification.desktop_notification.notify_send': Could not find 'notify-send'
[1.555s] INFO:colcon.colcon_core.plugin_system:Skipping extension 'colcon_notification.desktop_notification.terminal_notifier': Not used on non-Darwin systems
[1.555s] INFO:colcon.colcon_core.plugin_system:Skipping extension 'colcon_notification.desktop_notification.win32': Not used on non-Windows systems
[1.555s] INFO:colcon.colcon_notification.desktop_notification:Sending desktop notification using 'notify2'
[1.555s] DEBUG:colcon.colcon_notification.desktop_notification.notify2:Failed to initialize notify2: org.freedesktop.DBus.Error.FileNotFound: Failed to connect to socket /run/user/1000/bus: No such file or directory
[1.555s] DEBUG:colcon.colcon_core.event_reactor:joined thread
[1.556s] INFO:colcon.colcon_core.shell:Creating prefix script '/home/huyen/drone_project/ros2_ws/install/local_setup.ps1'
[1.557s] INFO:colcon.colcon_core.shell:Creating prefix util module '/home/huyen/drone_project/ros2_ws/install/_local_setup_util_ps1.py'
[1.558s] INFO:colcon.colcon_core.shell:Creating prefix chain script '/home/huyen/drone_project/ros2_ws/install/setup.ps1'
[1.560s] INFO:colcon.colcon_core.shell:Creating prefix script '/home/huyen/drone_project/ros2_ws/install/local_setup.sh'
[1.560s] INFO:colcon.colcon_core.shell:Creating prefix util module '/home/huyen/drone_project/ros2_ws/install/_local_setup_util_sh.py'
[1.561s] INFO:colcon.colcon_core.shell:Creating prefix chain script '/home/huyen/drone_project/ros2_ws/install/setup.sh'
[1.562s] INFO:colcon.colcon_core.shell:Creating prefix script '/home/huyen/drone_project/ros2_ws/install/local_setup.bash'
[1.563s] INFO:colcon.colcon_core.shell:Creating prefix chain script '/home/huyen/drone_project/ros2_ws/install/setup.bash'
[1.564s] INFO:colcon.colcon_core.shell:Creating prefix script '/home/huyen/drone_project/ros2_ws/install/local_setup.zsh'
[1.564s] INFO:colcon.colcon_core.shell:Creating prefix chain script '/home/huyen/drone_project/ros2_ws/install/setup.zsh'
